******************************************************************************
                  TI ARM Linker PC v16.9.6                     
******************************************************************************
>> Linked Tue Feb 27 20:18:26 2018

OUTPUT FILE NAME:   <Watering_Project.out>
ENTRY POINT SYMBOL: "_c_int00"  address: 2000ceb9


MEMORY CONFIGURATION

         name            origin    length      used     unused   attr    fill
----------------------  --------  ---------  --------  --------  ----  --------
  SRAM0                 20000000   00004000  0000070c  000038f4  RW X
  SRAM                  20004000   0003c000  00017401  00024bff  RW X


SEGMENT ALLOCATION MAP

run origin  load origin   length   init length attrs members
----------  ----------- ---------- ----------- ----- -------
20003c00    20003c00    00000400   00000000    rw-
  20003c00    20003c00    00000400   00000000    rw- .stack
20004000    20004000    00012e40   0000ae3a    r-x
  20004000    20004000    0000003c   0000003c    r-- .resetVecs
  20004040    20004040    0000adfa   0000adfa    r-x .text
  2000ee40    2000ee40    00008000   00000000    r-- .priheap
20016e80    20016e80    0000361c   00000000    rw-
  20016e80    20016e80    00002930   00000000    rw- .bss
  200197b0    200197b0    00000cec   00000000    rw- .data
2001a49c    2001a49c    00000b87   00000b87    r--
  2001a49c    2001a49c    00000b87   00000b87    r-- .const
2001b028    2001b028    00000428   00000428    r--
  2001b028    2001b028    00000428   00000428    r-- .cinit


SECTION ALLOCATION MAP

 output                                  attributes/
section   page    origin      length       input sections
--------  ----  ----------  ----------   ----------------
.vecs      0    20000000    0000030c     NOLOAD SECTION
                  20000000    0000030c     release_pem4.oem4 (.vecs)

.stack     0    20003c00    00000400     UNINITIALIZED
                  20003c00    00000400     --HOLE--

.resetVecs 
*          0    20004000    0000003c     
                  20004000    0000003c     release_pem4.oem4 (.resetVecs)

.text      0    20004040    0000adfa     
                  20004040    0000048d     sysbios.aem4 : BIOS.obj (.text:xdc_runtime_System_doPrint__I)
                  200044cd    00000001     --HOLE-- [fill = 0]
                  200044ce    00000002     drivers_cc32xx.aem4 : I2CCC32XX.oem4 (.text:I2CCC32XX_cancel)
                  200044d0    00000430     sysbios.aem4 : BIOS.obj (.text:ti_sysbios_family_arm_m3_Hwi_excDumpRegs__I)
                  20004900    0000042c     driverlib.a : prcm.obj (.text:PRCMCC3200MCUInit)
                  20004d2c    00000270     drivers_cc32xx.aem4 : UARTCC32XX.oem4 (.text:UARTCC32XX_open)
                  20004f9c    00000004     dpl_cc32xx.aem4 : ClockP_tirtos.oem4 (.text:ClockP_getCpuFreq)
                  20004fa0    000001fc     sysbios.aem4 : BIOS.obj (.text:ti_sysbios_family_arm_m3_Hwi_excHandlerMax__I)
                  2000519c    000001f4     rtsv7M4_T_le_eabi.lib : ull_div_t2.obj (.text)
                  20005390    000001ea     TSL2561.obj (.text:CalculateLux)
                  2000557a    00000002     drivers_cc32xx.aem4 : I2CCC32XX.oem4 (.text:I2CCC32XX_init)
                  2000557c    000001cc                         : GPIOCC32XX.oem4 (.text:GPIO_setConfig)
                  20005748    000001cc     PWM_Control.obj (.text:PWM_function)
                  20005914    000001c4     rtsv7M4_T_le_eabi.lib : fopen.obj (.text)
                  20005ad8    000001b8     dpl_cc32xx.aem4 : PowerCC32XX_tirtos.oem4 (.text:PowerCC32XX_sleepPolicy)
                  20005c90    000001b6     rtsv7M4_T_le_eabi.lib : fd_add_t2.obj (.text)
                  20005e46    00000002     drivers_cc32xx.aem4 : PWMTimerCC32XX.oem4 (.text:PWMTimerCC32XX_init)
                  20005e48    0000019c     i2c_control.obj (.text:i2c_function)
                  20005fe4    00000004     dpl_cc32xx.aem4 : ClockP_tirtos.oem4 (.text:ClockP_setTimeout)
                  20005fe8    0000018c     sysbios.aem4 : BIOS.obj (.text:ti_sysbios_family_arm_m3_Hwi_dispatchC__I)
                  20006174    00000004     dpl_cc32xx.aem4 : ClockP_tirtos.oem4 (.text:ClockP_start)
                  20006178    00000188     sysbios.aem4 : BIOS.obj (.text:ti_sysbios_family_arm_m3_Hwi_excBusFault__I)
                  20006300    00000180                  : BIOS.obj (.text:ti_sysbios_family_arm_m3_Hwi_excUsageFault__I)
                  20006480    0000017c                  : BIOS.obj (.text:ti_sysbios_knl_Semaphore_pend__E)
                  200065fc    00000004     dpl_cc32xx.aem4 : ClockP_tirtos.oem4 (.text:ClockP_stop)
                  20006600    00000178     sysbios.aem4 : BIOS.obj (.text:ti_sysbios_knl_Swi_run__I)
                  20006778    00000170                  : BIOS.obj (.text:ti_sysbios_knl_Task_Instance_finalize__E)
                  200068e8    00000170     release_pem4.oem4 (.text:xdc_runtime_System_printfExtend__I)
                  20006a58    00000164     sysbios.aem4 : BIOS.obj (.text:ti_sysbios_family_arm_m3_Hwi_excMemFault__I)
                  20006bbc    00000004     dpl_cc32xx.aem4 : HwiP_tirtos.oem4 (.text:HwiP_clearInterrupt)
                  20006bc0    00000160     sysbios.aem4 : BIOS.obj (.text:ti_sysbios_utils_Load_logLoads__I)
                  20006d20    00000150     drivers_cc32xx.aem4 : PowerCC32XX.oem4 (.text:parkPins)
                  20006e70    0000013c     sysbios.aem4 : BIOS.obj (.text:ti_sysbios_knl_Clock_workFunc__E)
                  20006fac    00000138     release_pem4.oem4 (.text:ti_uia_loggers_LoggerStopMode_writeMemoryRange__E)
                  200070e4    00000004     dpl_cc32xx.aem4 : HwiP_tirtos.oem4 (.text:HwiP_disable)
                  200070e8    00000128     sysbios.aem4 : BIOS.obj (.text:ti_sysbios_family_arm_lm4_Timer_start__E)
                  20007210    00000122     drivers_cc32xx.aem4 : I2CCC32XX.oem4 (.text:I2CCC32XX_hwiFxn)
                  20007332    00000002                         : UARTCC32XX.oem4 (.text:UARTCC32XX_init)
                  20007334    00000120                         : UARTCC32XX.oem4 (.text:UARTCC32XX_close)
                  20007454    00000004     dpl_cc32xx.aem4 : HwiP_tirtos.oem4 (.text:HwiP_disableInterrupt)
                  20007458    0000011c     sysbios.aem4 : BIOS.obj (.text:xdc_runtime_Startup_startMods__I)
                  20007574    00000118     drivers_cc32xx.aem4 : PowerCC32XX.oem4 (.text:Power_sleep)
                  2000768c    00000004     dpl_cc32xx.aem4 : HwiP_tirtos.oem4 (.text:HwiP_enableInterrupt)
                  20007690    00000118     sysbios.aem4 : BIOS.obj (.text:ti_sysbios_knl_Task_postInit__I)
                  200077a8    0000010c     drivers_cc32xx.aem4 : I2CCC32XX.oem4 (.text:I2CCC32XX_open)
                  200078b4    00000004                         : List.oem4 (.text:List_head)
                  200078b8    0000010c     sysbios.aem4 : BIOS.obj (.text:ti_sysbios_family_arm_m3_Hwi_postInit__I)
                  200079c4    00000004     drivers_cc32xx.aem4 : List.oem4 (.text:List_next)
                  200079c8    0000010c     sysbios.aem4 : BIOS.obj (.text:ti_sysbios_knl_Task_sleep__E)
                  20007ad4    0000010c     release_pem4.oem4 (.text:ti_uia_loggers_LoggerStopMode_write8__E)
                  20007be0    00000108     sysbios.aem4 : BIOS.obj (.text:ti_sysbios_knl_Task_schedule__I)
                  20007ce8    00000108                  : BIOS.obj (.text:ti_sysbios_knl_Task_setPri__E)
                  20007df0    000000fc     rtsv7M4_T_le_eabi.lib : fd_mul_t2.obj (.text)
                  20007eec    00000004     dpl_cc32xx.aem4 : SemaphoreP_tirtos.oem4 (.text:SemaphoreP_post)
                  20007ef0    000000fc     sysbios.aem4 : BIOS.obj (.text:ti_sysbios_knl_Task_startCore__E)
                  20007fec    000000f4     release_pem4.oem4 (.text:ti_uia_loggers_LoggerStopMode_write4__E)
                  200080e0    000000f0     drivers_cc32xx.aem4 : PWMTimerCC32XX.oem4 (.text:PWMTimerCC32XX_open)
                  200081d0    000000f0     sysbios.aem4 : BIOS.obj (.text:ti_sysbios_knl_Task_exit__E)
                  200082c0    000000ee     drivers_cc32xx.aem4 : UARTCC32XX.oem4 (.text:UARTCC32XX_control)
                  200083ae    00000002     rtsv7M4_T_le_eabi.lib : i_div0.obj (.text)
                  200083b0    000000e8     release_pem4.oem4 (.text:ti_uia_loggers_LoggerStopMode_write1__E)
                  20008498    000000e8     release_pem4.oem4 (.text:ti_uia_loggers_LoggerStopMode_write2__E)
                  20008580    000000dc     rtsv7M4_T_le_eabi.lib : setvbuf.obj (.text)
                  2000865c    00000004     release_pem4.oem4 (.text:ti_sysbios_BIOS_RtsGateProxy_enter__E)
                  20008660    000000dc     sysbios.aem4 : BIOS.obj (.text:ti_sysbios_family_arm_m3_Hwi_Instance_init__E)
                  2000873c    00000004     release_pem4.oem4 (.text:ti_sysbios_BIOS_RtsGateProxy_leave__E)
                  20008740    000000d8     sysbios.aem4 : BIOS.obj (.text:ti_sysbios_family_arm_m3_Hwi_excDebugMon__I)
                  20008818    000000d8                  : BIOS.obj (.text:ti_sysbios_knl_Swi_post__E)
                  200088f0    000000d8     release_pem4.oem4 (.text:ti_uia_loggers_LoggerStopMode_write0__E)
                  200089c8    000000d4     sysbios.aem4 : BIOS.obj (.text:ti_sysbios_family_arm_m3_Hwi_excHardFault__I)
                  20008a9c    00000004                  : BIOS.obj (.text:ti_sysbios_family_arm_lm4_Timer_masterEnable__I)
                  20008aa0    000000d0                  : BIOS.obj (.text:ti_sysbios_heaps_HeapMem_alloc__E)
                  20008b70    000000cc                  : m3_Hwi_asm.obj (.text:ti_sysbios_family_arm_m3_Hwi_dispatch__I)
                  20008c3c    00000004     release_pem4.oem4 (.text:ti_sysbios_family_arm_m3_Hwi_delete)
                  20008c40    000000cc     sysbios.aem4 : BIOS.obj (.text:ti_sysbios_utils_Load_updateThreadContexts__E)
                  20008d0c    000000c8     rtsv7M4_T_le_eabi.lib : fflush.obj (.text)
                  20008dd4    000000c4     drivers_cc32xx.aem4 : GPIOCC32XX.oem4 (.text:GPIO_init)
                  20008e98    000000c4                         : PWMTimerCC32XX.oem4 (.text:PWMTimerCC32XX_stop)
                  20008f5c    00000004     release_pem4.oem4 (.text:ti_sysbios_family_arm_m3_TaskSupport_Module__startupDone__S)
                  20008f60    000000c4     sysbios.aem4 : BIOS.obj (.text:ti_sysbios_knl_Semaphore_post__E)
                  20009024    000000c0     drivers_cc32xx.aem4 : UARTCC32XX.oem4 (.text:UARTCC32XX_write)
                  200090e4    000000bc     rtsv7M4_T_le_eabi.lib : open.obj (.text)
                  200091a0    000000bc     sysbios.aem4 : BIOS.obj (.text:ti_sysbios_knl_Task_unblockI__E)
                  2000925c    00000004     release_pem4.oem4 (.text:ti_sysbios_hal_Timer_TimerProxy_start__E)
                  20009260    000000bc     sysbios.aem4 : BIOS.obj (.text:xdc_runtime_Core_createObject__I)
                  2000931c    000000b8     drivers_cc32xx.aem4 : PWMTimerCC32XX.oem4 (.text:PWMTimerCC32XX_setDuty)
                  200093d4    000000b8                         : UARTCC32XX.oem4 (.text:initHw)
                  2000948c    000000b8                         : UARTCC32XX.oem4 (.text:readIsrTextBlocking)
                  20009544    000000b4                         : UARTCC32XX.oem4 (.text:UARTCC32XX_readPolling)
                  200095f8    000000b4                         : PowerCC32XX.oem4 (.text:restoreParkedPins)
                  200096ac    00000004     release_pem4.oem4 (.text:ti_sysbios_heaps_HeapMem_Module_GateProxy_enter__E)
                  200096b0    000000b0     sysbios.aem4 : BIOS.obj (.text:ti_sysbios_utils_Load_updateLoads__E)
                  20009760    000000ae     drivers_cc32xx.aem4 : UARTCC32XX.oem4 (.text:readIsrTextCallback)
                  2000980e    000000ac     rtsv7M4_T_le_eabi.lib : _io_perm.obj (.text)
                  200098ba    000000aa     drivers_cc32xx.aem4 : UARTCC32XX.oem4 (.text:readTaskBlocking)
                  20009964    000000a8                         : PowerCC32XX.oem4 (.text:PowerCC32XX_configureWakeup)
                  20009a0c    00000004     release_pem4.oem4 (.text:ti_sysbios_heaps_HeapMem_Module_GateProxy_leave__E)
                  20009a10    000000a8     sysbios.aem4 : BIOS.obj (.text:ti_sysbios_knl_Task_blockI__E)
                  20009ab8    000000a4     drivers_cc32xx.aem4 : I2CCC32XX.oem4 (.text:I2CCC32XX_transfer)
                  20009b5c    000000a4                         : PWMTimerCC32XX.oem4 (.text:initHw)
                  20009c00    000000a2                         : UARTCC32XX.oem4 (.text:writeData)
                  20009ca2    00000002     release_pem4.oem4 (.text:ti_sysbios_BIOS_nullFunc__I)
                  20009ca4    000000a0     auto_init.aem4 : auto_init.oem4 (.text)
                  20009d44    00000004     release_pem4.oem4 (.text:ti_sysbios_knl_Clock_TimerProxy_getMaxTicks__E)
                  20009d48    000000a0     sysbios.aem4 : BIOS.obj (.text:ti_sysbios_family_arm_lm4_Timer_enableCC3200__I)
                  20009de8    0000009c     ADC_Control.obj (.text:ADCTask_func)
                  20009e84    0000009c     rtsv7M4_T_le_eabi.lib : memcpy_t2.obj (.text)
                  20009f20    00000098     drivers_cc32xx.aem4 : PWMTimerCC32XX.oem4 (.text:PWMTimerCC32XX_setPeriod)
                  20009fb8    00000098                         : GPIOCC32XX.oem4 (.text:powerNotifyFxn)
                  2000a050    00000098     rtsv7M4_T_le_eabi.lib : fclose.obj (.text)
                  2000a0e8    00000098                           : fputc.obj (.text)
                  2000a180    00000094     drivers_cc32xx.aem4 : ADCCC32XX.oem4 (.text:ADCCC32XX_open)
                  2000a214    00000004     release_pem4.oem4 (.text:ti_sysbios_knl_Clock_TimerProxy_setPeriodMicroSecs__E)
                  2000a218    00000094     sysbios.aem4 : BIOS.obj (.text:ti_sysbios_family_arm_m3_Hwi_Instance_finalize__E)
                  2000a2ac    00000090     drivers_cc32xx.aem4 : PowerCC32XX.oem4 (.text:restoreNVICRegs)
                  2000a33c    00000004     release_pem4.oem4 (.text:ti_sysbios_knl_Clock_TimerProxy_start__E)
                  2000a340    00000090     sysbios.aem4 : BIOS.obj (.text:ti_sysbios_knl_Swi_postInit__I)
                  2000a3d0    00000090                  : BIOS.obj (.text:ti_sysbios_knl_Task_Module_startup__E)
                  2000a460    00000090     ti.uia.loggers.aem4 : LoggerStopMode.oem4 (.text:ti_uia_loggers_LoggerStopMode_initQueueDescriptor__E)
                  2000a4f0    0000008c     drivers_cc32xx.aem4 : I2CCC32XX.oem4 (.text:I2CCC32XX_close)
                  2000a57c    0000008c                         : UARTCC32XX.oem4 (.text:readIsrBinaryBlocking)
                  2000a608    0000008c     sysbios.aem4 : BIOS.obj (.text:ti_sysbios_family_arm_lm4_Timer_enableTimers__I)
                  2000a694    00000004     release_pem4.oem4 (.text:ti_sysbios_knl_Clock_TimerProxy_stop__E)
                  2000a698    0000008c     sysbios.aem4 : BIOS.obj (.text:ti_sysbios_utils_Load_updateCurrentThreadTime__E)
                  2000a724    00000088     drivers_cc32xx.aem4 : PWMTimerCC32XX.oem4 (.text:PWMTimerCC32XX_close)
                  2000a7ac    00000004     release_pem4.oem4 (.text:ti_sysbios_knl_Clock_delete)
                  2000a7b0    00000088     sysbios.aem4 : BIOS.obj (.text:ti_sysbios_family_arm_m3_Hwi_initNVIC__E)
                  2000a838    00000088                  : BIOS.obj (.text:ti_sysbios_knl_Mailbox_Module_startup__E)
                  2000a8c0    00000088                  : BIOS.obj (.text:xdc_runtime_Memory_alloc__E)
                  2000a948    00000086     drivers_cc32xx.aem4 : I2CCC32XX.oem4 (.text:I2CCC32XX_primeTransfer)
                  2000a9ce    00000086     rtsv7M4_T_le_eabi.lib : fd_cmp_t2.obj (.text:__aeabi_cdcmple)
                  2000aa54    00000086                           : fd_cmp_t2.obj (.text:__aeabi_cdrcmple)
                  2000aada    00000002     release_pem4.oem4 (.text:ti_uia_loggers_LoggerStopMode_setFilterLevel__E)
                  2000aadc    00000084     drivers_cc32xx.aem4 : PowerCC32XX.oem4 (.text:saveNVICRegs)
                  2000ab60    00000084     sysbios.aem4 : BIOS.obj (.text:ti_sysbios_heaps_HeapMem_free__E)
                  2000abe4    00000004     release_pem4.oem4 (.text:ti_sysbios_knl_Semaphore_delete)
                  2000abe8    00000084     sysbios.aem4 : BIOS.obj (.text:xdc_runtime_Core_constructObject__I)
                  2000ac6c    00000080     drivers_cc32xx.aem4 : UARTCC32XX.oem4 (.text:readIsrBinaryCallback)
                  2000acec    00000004     release_pem4.oem4 (.text:ti_sysbios_knl_Task_delete)
                  2000acf0    00000080     sysbios.aem4 : BIOS.obj (.text:ti_sysbios_family_arm_m3_TimestampProvider_get64__E)
                  2000ad70    00000080                  : BIOS.obj (.text:ti_sysbios_knl_Swi_Module_startup__E)
                  2000adf0    0000007c     drivers_cc32xx.aem4 : ADCCC32XX.oem4 (.text:ADCCC32XX_close)
                  2000ae6c    00000004     ti.uia.loggers.aem4 : LoggerStopMode.oem4 (.text:ti_uia_loggers_LoggerStopMode_getContents__E)
                  2000ae70    0000007c     sysbios.aem4 : BIOS.obj (.text:xdc_runtime_Core_deleteObject__I)
                  2000aeec    0000007a     drivers_cc32xx.aem4 : UARTCC32XX.oem4 (.text:readTaskCallback)
                  2000af66    0000007a     rtsv7M4_T_le_eabi.lib : memset_t2.obj (.text)
                  2000afe0    00000078     drivers_cc32xx.aem4 : GPIOCC32XX.oem4 (.text:GPIO_hwiIntFxn)
                  2000b058    00000078                         : PowerCC32XX.oem4 (.text:Power_init)
                  2000b0d0    00000078     sysbios.aem4 : BIOS.obj (.text:ti_sysbios_utils_Load_taskCreateHook__E)
                  2000b148    00000075                  : BIOS.obj (.text:xdc_runtime_System_formatNum__I)
                  2000b1bd    00000001     --HOLE-- [fill = 0]
                  2000b1be    00000074     drivers_cc32xx.aem4 : UARTCC32XX.oem4 (.text:UARTCC32XX_hwiIntFxn)
                  2000b232    00000006                         : ADCCC32XX.oem4 (.text:ADCCC32XX_control)
                  2000b238    00000074     sysbios.aem4 : BIOS.obj (.text:ti_sysbios_family_arm_m3_Hwi_Module_startup__E)
                  2000b2ac    00000074     ti.uia.runtime.aem4 : QueueDescriptor.oem4 (.text:ti_uia_runtime_QueueDescriptor_addToList__E)
                  2000b320    00000070     rtsv7M4_T_le_eabi.lib : getdevice.obj (.text)
                  2000b390    00000070     sysbios.aem4 : BIOS.obj (.text:ti_sysbios_heaps_HeapMem_initPrimary__I)
                  2000b400    0000006c                  : BIOS.obj (.text:ti_sysbios_knl_Swi_restoreHwi__E)
                  2000b46c    00000068     drivers_cc32xx.aem4 : PWMTimerCC32XX.oem4 (.text:PWMTimerCC32XX_start)
                  2000b4d4    00000068     rtsv7M4_T_le_eabi.lib : copy_decompress_lzss.obj (.text:decompress:lzss)
                  2000b53c    00000068     drivers_cc32xx.aem4 : I2CCC32XX.oem4 (.text:initHw)
                  2000b5a4    00000068     rtsv7M4_T_le_eabi.lib : hostlseek.obj (.text)
                  2000b60c    00000068                           : hostrename.obj (.text)
                  2000b674    00000068                           : trgmsg.obj (.text)
                  2000b6dc    00000066     drivers_cc32xx.aem4 : UARTCC32XX.oem4 (.text:UARTCC32XX_writeCancel)
                  2000b742    00000066     ti.uia.loggers.aem4 : LoggerStopMode.oem4 (.text:ti_uia_loggers_LoggerStopMode_flush__E)
                  2000b7a8    00000064     drivers_cc32xx.aem4 : ADCCC32XX.oem4 (.text:ADCCC32XX_convert)
                  2000b80c    00000064                         : PowerCC32XX.oem4 (.text:PowerCC32XX_setParkState)
                  2000b870    00000064     rtsv7M4_T_le_eabi.lib : fseek.obj (.text)
                  2000b8d4    00000004     release_pem4.oem4 (.text:ti_uia_loggers_LoggerStopMode_getFilterLevel__E)
                  2000b8d8    00000064     sysbios.aem4 : BIOS.obj (.text:ti_sysbios_family_arm_lm4_Timer_Module_startup__E)
                  2000b93c    00000004     ti.uia.loggers.aem4 : LoggerStopMode.oem4 (.text:ti_uia_loggers_LoggerStopMode_getInstanceId__E)
                  2000b940    00000064     sysbios.aem4 : BIOS.obj (.text:ti_sysbios_utils_Load_addTask__E)
                  2000b9a4    00000004     ti.uia.loggers.aem4 : LoggerStopMode.oem4 (.text:ti_uia_loggers_LoggerStopMode_getMaxLength__E)
                  2000b9a8    00000064     sysbios.aem4 : BIOS.obj (.text:ti_sysbios_utils_Load_idleFxn__E)
                  2000ba0c    00000062     drivers_cc32xx.aem4 : UARTCC32XX.oem4 (.text:UARTCC32XX_writePolling)
                  2000ba6e    00000002     ti.uia.loggers.aem4 : LoggerStopMode.oem4 (.text:ti_uia_loggers_LoggerStopMode_setPriority__E)
                  2000ba70    00000060     driverlib.a : prcm.obj (.text:PRCMSysResetCauseGet)
                  2000bad0    00000060     rtsv7M4_T_le_eabi.lib : hostopen.obj (.text)
                  2000bb30    00000060     sysbios.aem4 : BIOS.obj (.text:ti_sysbios_family_arm_m3_Hwi_excReserved__I)
                  2000bb90    00000060                  : BIOS.obj (.text:ti_sysbios_family_arm_m3_TimestampProvider_get32__E)
                  2000bbf0    00000060                  : BIOS.obj (.text:ti_sysbios_knl_Clock_logTick__E)
                  2000bc50    00000060                  : BIOS.obj (.text:ti_sysbios_utils_Load_logCPULoad__I)
                  2000bcb0    0000005c     drivers_cc32xx.aem4 : PowerCC32XX.oem4 (.text:Power_setDependency)
                  2000bd0c    0000005c     rtsv7M4_T_le_eabi.lib : close.obj (.text)
                  2000bd68    0000005c     GPIO_control.obj (.text:stop_toggle)
                  2000bdc4    00000004     ti.uia.loggers.aem4 : LoggerStopMode.oem4 (.text:ti_uia_loggers_LoggerStopMode_getPriority__E)
                  2000bdc8    0000005c     sysbios.aem4 : BIOS.obj (.text:ti_sysbios_family_arm_m3_Timer_setPeriod__E)
                  2000be24    00000004     ti.uia.loggers.aem4 : LoggerStopMode.oem4 (.text:ti_uia_loggers_LoggerStopMode_getTransferType__E)
                  2000be28    0000005c     sysbios.aem4 : BIOS.obj (.text:ti_sysbios_family_arm_m3_Timer_start__E)
                  2000be84    00000004     release_pem4.oem4 (.text:xdc_runtime_System_Module_GateProxy_enter__E)
                  2000be88    0000005c     sysbios.aem4 : BIOS.obj (.text:ti_sysbios_knl_Clock_Instance_init__E)
                  2000bee4    00000004     release_pem4.oem4 (.text:xdc_runtime_System_Module_GateProxy_leave__E)
                  2000bee8    0000005c     sysbios.aem4 : BIOS.obj (.text:ti_sysbios_knl_Swi_schedule__I)
                  2000bf44    00000002     release_pem4.oem4 (.text:xdc_runtime_Startup_reset__I)
                  2000bf46    00000002     --HOLE-- [fill = 0]
                  2000bf48    0000005c     sysbios.aem4 : BIOS.obj (.text:xdc_runtime_Assert_raise__I)
                  2000bfa4    00000004     --HOLE-- [fill = 0]
                  2000bfa8    0000005c                  : BIOS.obj (.text:xdc_runtime_Startup_exec__E)
                  2000c004    00000058     drivers_cc32xx.aem4 : GPIOCC32XX.oem4 (.text:GPIO_setCallback)
                  2000c05c    00000058     driverlib.a : prcm.obj (.text:PRCMPeripheralReset)
                  2000c0b4    00000058     drivers_cc32xx.aem4 : PowerCC32XX.oem4 (.text:Power_releaseDependency)
                  2000c10c    00000058     rtsv7M4_T_le_eabi.lib : hostread.obj (.text)
                  2000c164    00000058                           : hostwrite.obj (.text)
                  2000c1bc    00000054     release_pem4.oem4 (.text:ti_sysbios_family_arm_m3_Hwi_create)
                  2000c210    00000054     sysbios.aem4 : BIOS.obj (.text:ti_sysbios_family_arm_m3_Hwi_excSvCall__I)
                  2000c264    00000054     release_pem4.oem4 (.text:ti_sysbios_utils_Load_hwiBeginHook__E)
                  2000c2b8    00000054     sysbios.aem4 : BIOS.obj (.text:ti_sysbios_utils_Load_taskSwitchHook__E)
                  2000c30c    00000004     --HOLE-- [fill = 0]
                  2000c310    00000054                  : BIOS.obj (.text:xdc_runtime_Core_assignLabel__I)
                  2000c364    00000052     drivers_cc32xx.aem4 : PowerCC32XX.oem4 (.text:PowerCC32XX_parkPin)
                  2000c3b6    00000052                         : PowerCC32XX_asm.oem4 (.text:PowerCC32XX_resumeLPDS)
                  2000c408    00000050                         : TimerCC32XX.oem4 (.text:TimerCC32XX_allocateTimerResource)
                  2000c458    00000050     GPIO_control.obj (.text:button_1_fxn)
                  2000c4a8    00000050     sysbios.aem4 : BIOS.obj (.text:ti_sysbios_family_arm_m3_Hwi_excNoIsr__I)
                  2000c4f8    00000050                  : BIOS.obj (.text:ti_sysbios_utils_Load_taskDeleteHook__E)
                  2000c548    0000004c     drivers_cc32xx.aem4 : GPIOCC32XX.oem4 (.text:GPIO_enableInt)
                  2000c594    0000004c                         : I2CCC32XX.oem4 (.text:I2CCC32XX_completeTransfer)
                  2000c5e0    0000004c                         : PowerCC32XX.oem4 (.text:restorePeriphClocks)
                  2000c62c    0000004c     rtsv7M4_T_le_eabi.lib : cpy_tbl.obj (.text)
                  2000c678    0000004c     sysbios.aem4 : BIOS.obj (.text:ti_sysbios_family_arm_m3_Hwi_excNmi__I)
                  2000c6c4    0000004c                  : m3_TaskSupport_asm.obj (.text:ti_sysbios_family_arm_m3_TaskSupport_buildTaskStack)
                  2000c710    0000004c                  : BIOS.obj (.text:ti_sysbios_family_arm_m3_Timer_setPeriodMicroSecs__E)
                  2000c75c    00000004     --HOLE-- [fill = 0]
                  2000c760    0000004c                  : BIOS.obj (.text:ti_sysbios_heaps_HeapMem_getStats__E)
                  2000c7ac    00000004     --HOLE-- [fill = 0]
                  2000c7b0    0000004c                  : BIOS.obj (.text:ti_sysbios_knl_Swi_runLoop__I)
                  2000c7fc    00000004     --HOLE-- [fill = 0]
                  2000c800    0000004c                  : BIOS.obj (.text:ti_sysbios_knl_Task_allBlockedFunction__I)
                  2000c84c    0000004c     ti.uia.loggers.aem4 : LoggerStopMode.oem4 (.text:ti_uia_loggers_LoggerStopMode_Module_startup__E)
                  2000c898    0000004c     UART_Utils.obj (.text:uart_function)
                  2000c8e4    00000048     dpl_cc32xx.aem4 : ClockP_tirtos.oem4 (.text:ClockP_create)
                  2000c92c    00000048     driverlib.a : flash.obj (.text:FlashDisable)
                  2000c974    00000048                 : prcm.obj (.text:PRCMLPDSEnter)
                  2000c9bc    00000048                 : prcm.obj (.text:PRCMPeripheralClkEnable)
                  2000ca04    00000048     drivers_cc32xx.aem4 : PowerCC32XX.oem4 (.text:Power_releaseConstraint)
                  2000ca4c    00000048     GPIO_control.obj (.text:led_toggle)
                  2000ca94    00000048     rtsv7M4_T_le_eabi.lib : fd_toi_t2.obj (.text)
                  2000cadc    00000004     --HOLE-- [fill = 0]
                  2000cae0    00000048     sysbios.aem4 : BIOS.obj (.text:ti_sysbios_family_arm_m3_Hwi_disableInterrupt__E)
                  2000cb28    00000048                  : BIOS.obj (.text:ti_sysbios_family_arm_m3_Hwi_enableInterrupt__E)
                  2000cb70    00000048                  : m3_Hwi_asm_switch.obj (.text:ti_sysbios_family_arm_m3_Hwi_initStacks__E)
                  2000cbb8    00000048                  : BIOS.obj (.text:ti_sysbios_family_arm_m3_Timer_initDevice__I)
                  2000cc00    00000048                  : BIOS.obj (.text:ti_sysbios_knl_Task_deleteTerminatedTasksFunc__I)
                  2000cc48    00000048                  : BIOS.obj (.text:ti_sysbios_utils_Load_swiBeginHook__E)
                  2000cc90    00000046     drivers_cc32xx.aem4 : RingBuf.oem4 (.text:RingBuf_put)
                  2000ccd6    00000002     --HOLE-- [fill = 0]
                  2000ccd8    00000046     sysbios.aem4 : BIOS.obj (.text:xdc_runtime_Core_assignParams__I)
                  2000cd1e    00000002     --HOLE-- [fill = 0]
                  2000cd20    00000044     drivers_cc32xx.aem4 : ADC.oem4 (.text:ADC_init)
                  2000cd64    00000044                         : I2C.oem4 (.text:I2C_init)
                  2000cda8    00000044     driverlib.a : prcm.obj (.text:PRCMLPDSRestoreInfoSet)
                  2000cdec    00000044     drivers_cc32xx.aem4 : PWM.oem4 (.text:PWM_init)
                  2000ce30    00000044                         : PowerCC32XX_asm.oem4 (.text:PowerCC32XX_enterLPDS)
                  2000ce74    00000044                         : UART.oem4 (.text:UART_init)
                  2000ceb8    00000044     boot.aem4 : boot.oem4 (.text)
                  2000cefc    00000044     drivers_cc32xx.aem4 : PWMTimerCC32XX.oem4 (.text:getDutyCounts)
                  2000cf40    00000044                         : PWMTimerCC32XX.oem4 (.text:getPeriodCounts)
                  2000cf84    00000044                         : PowerCC32XX.oem4 (.text:notify)
                  2000cfc8    00000044     rtsv7M4_T_le_eabi.lib : fd_tou_t2.obj (.text)
                  2000d00c    00000044                           : hostclose.obj (.text)
                  2000d050    00000044                           : hostunlink.obj (.text)
                  2000d094    00000004     --HOLE-- [fill = 0]
                  2000d098    00000044     sysbios.aem4 : BIOS.obj (.text:ti_sysbios_family_arm_lm4_Timer_isrStub__E)
                  2000d0dc    00000004     --HOLE-- [fill = 0]
                  2000d0e0    00000044                  : BIOS.obj (.text:ti_sysbios_family_arm_m3_Hwi_getStackInfo__E)
                  2000d124    00000004     --HOLE-- [fill = 0]
                  2000d128    00000044                  : BIOS.obj (.text:ti_sysbios_utils_Load_removeTask__E)
                  2000d16c    00000044     ti.uia.loggers.aem4 : LoggerStopMode.oem4 (.text:ti_uia_loggers_LoggerStopMode_initBuffer__I)
                  2000d1b0    00000044     sysbios.aem4 : BIOS.obj (.text:xdc_runtime_System_atexit__E)
                  2000d1f4    00000040     dpl_cc32xx.aem4 : HwiP_tirtos.oem4 (.text:HwiP_create)
                  2000d234    00000040     driverlib.a : pin.obj (.text:PinModeSet)
                  2000d274    00000040     drivers_cc32xx.aem4 : RingBuf.oem4 (.text:RingBuf_get)
                  2000d2b4    00000040                         : UARTCC32XX.oem4 (.text:UARTCC32XX_read)
                  2000d2f4    00000040     rtsv7M4_T_le_eabi.lib : u_divt2.obj (.text)
                  2000d334    00000004     --HOLE-- [fill = 0]
                  2000d338    00000040     sysbios.aem4 : BIOS.obj (.text:ti_sysbios_family_arm_lm4_Timer_startup__E)
                  2000d378    00000040                  : BIOS.obj (.text:ti_sysbios_family_arm_m3_Timer_Module_startup__E)
                  2000d3b8    00000040                  : BIOS.obj (.text:ti_sysbios_heaps_HeapMem_Instance_init__E)
                  2000d3f8    0000003c     drivers_cc32xx.aem4 : ADC.oem4 (.text:ADC_open)
                  2000d434    0000003c                         : I2C.oem4 (.text:I2C_open)
                  2000d470    0000003c                         : PWM.oem4 (.text:PWM_open)
                  2000d4ac    0000003c                         : PowerCC32XX.oem4 (.text:Power_setConstraint)
                  2000d4e8    0000003c     dpl_cc32xx.aem4 : SemaphoreP_tirtos.oem4 (.text:SemaphoreP_create)
                  2000d524    0000003c     drivers_cc32xx.aem4 : UART.oem4 (.text:UART_open)
                  2000d560    0000003c     dpl_cc32xx.aem4 : PowerCC32XX_tirtos.oem4 (.text:getCountsRTC)
                  2000d59c    0000003c     release_pem4.oem4 (.text:ti_sysbios_knl_Clock_create)
                  2000d5d8    0000003c     sysbios.aem4 : BIOS.obj (.text:ti_sysbios_knl_Clock_walkQueuePeriodic__E)
                  2000d614    00000004     --HOLE-- [fill = 0]
                  2000d618    0000003c                  : BIOS.obj (.text:ti_sysbios_knl_Swi_restore__E)
                  2000d654    00000004     --HOLE-- [fill = 0]
                  2000d658    0000003c                  : BIOS.obj (.text:ti_sysbios_utils_Load_hwiEndHook__E)
                  2000d694    00000004     --HOLE-- [fill = 0]
                  2000d698    0000003c                  : BIOS.obj (.text:xdc_runtime_System_processAtExit__E)
                  2000d6d4    0000003a     I2C_Utils.obj (.text:SensorI2C_WriteRead)
                  2000d70e    0000003a     drivers_cc32xx.aem4 : PWMTimerCC32XX.oem4 (.text:getPowerMgrId)
                  2000d748    00000038                         : GPIOCC32XX.oem4 (.text:GPIO_read)
                  2000d780    00000038     driverlib.a : prcm.obj (.text:PRCMLPDSEnterKeepDebugIf)
                  2000d7b8    00000038     rtsv7M4_T_le_eabi.lib : fs_tod_t2.obj (.text)
                  2000d7f0    00000038     release_pem4.oem4 (.text:ti_sysbios_BIOS_startFunc__I)
                  2000d828    00000038     sysbios.aem4 : BIOS.obj (.text:ti_sysbios_knl_Task_processVitalTaskFlag__I)
                  2000d860    00000038                  : BIOS.obj (.text:usleep)
                  2000d898    00000036     drivers_cc32xx.aem4 : PowerCC32XX.oem4 (.text:PowerCC32XX_restoreParkedPin)
                  2000d8ce    00000036                         : UARTCC32XX.oem4 (.text:UARTCC32XX_readCancel)
                  2000d904    00000036     rtsv7M4_T_le_eabi.lib : strncpy.obj (.text)
                  2000d93a    00000002     --HOLE-- [fill = 0]
                  2000d93c    00000034     driverlib.a : pin.obj (.text:PinModeGet)
                  2000d970    00000034     drivers_cc32xx.aem4 : PowerCC32XX.oem4 (.text:PowerCC32XX_restoreParkState)
                  2000d9a4    00000034                         : TimerCC32XX.oem4 (.text:TimerCC32XX_freeTimerResource)
                  2000d9d8    00000034     UART_Utils.obj (.text:Write_Message)
                  2000da0c    00000034     drivers_cc32xx.aem4 : TimerCC32XX.oem4 (.text:getPowerMgrId)
                  2000da40    00000034     sysbios.aem4 : BIOS.obj (.text:ti_sysbios_family_arm_m3_Timer_periodicStub__I)
                  2000da74    00000034     release_pem4.oem4 (.text:ti_sysbios_knl_Semaphore_create)
                  2000daa8    00000034     sysbios.aem4 : BIOS.obj (.text:ti_sysbios_utils_Load_startup__E)
                  2000dadc    00000004     --HOLE-- [fill = 0]
                  2000dae0    00000034                  : BIOS.obj (.text:ti_sysbios_utils_Load_swiEndHook__E)
                  2000db14    00000034     ti.uia.loggers.aem4 : LoggerStopMode.oem4 (.text:ti_uia_loggers_LoggerStopMode_reset__E)
                  2000db48    00000032     sysbios.aem4 : BIOS.obj (.text:ti_sysbios_hal_Hwi_initStack)
                  2000db7a    00000006     dpl_cc32xx.aem4 : ClockP_tirtos.oem4 (.text:ClockP_Params_init)
                  2000db80    00000032     sysbios.aem4 : BIOS.obj (.text:ti_sysbios_knl_Semaphore_pendTimeout__I)
                  2000dbb2    00000002     --HOLE-- [fill = 0]
                  2000dbb4    00000030     release_pem4.oem4 (.text:ti_sysbios_BIOS_atExitFunc__I)
                  2000dbe4    00000004     --HOLE-- [fill = 0]
                  2000dbe8    00000030     sysbios.aem4 : BIOS.obj (.text:ti_sysbios_family_arm_lm4_Timer_stop__E)
                  2000dc18    00000030                  : BIOS.obj (.text:ti_sysbios_family_arm_m3_TaskSupport_start__E)
                  2000dc48    00000030     release_pem4.oem4 (.text:ti_sysbios_gates_GateHwi_Object__create__S)
                  2000dc78    00000030     release_pem4.oem4 (.text:ti_sysbios_gates_GateMutex_Object__create__S)
                  2000dca8    00000030     sysbios.aem4 : BIOS.obj (.text:ti_sysbios_gates_GateMutex_enter__E)
                  2000dcd8    00000030     release_pem4.oem4 (.text:ti_sysbios_heaps_HeapMem_Object__create__S)
                  2000dd08    00000030     release_pem4.oem4 (.text:ti_sysbios_knl_Semaphore_construct)
                  2000dd38    00000030     release_pem4.oem4 (.text:ti_uia_loggers_LoggerStopMode_Object__create__S)
                  2000dd68    0000002e     rtsv7M4_T_le_eabi.lib : i_tofd_t2.obj (.text)
                  2000dd96    0000002e     release_pem4.oem4 (.text:ti_sysbios_rts_gnu_MemAlloc_alloc)
                  2000ddc4    0000002c     GPIO_control.obj (.text:GPIO_function)
                  2000ddf0    0000002c     drivers_cc32xx.aem4 : PowerCC32XX.oem4 (.text:PowerCC32XX_getParkState)
                  2000de1c    0000002c     dpl_cc32xx.aem4 : SemaphoreP_tirtos.oem4 (.text:SemaphoreP_createBinary)
                  2000de48    0000002c     rtsv7M4_T_le_eabi.lib : unlink.obj (.text)
                  2000de74    0000002c     release_pem4.oem4 (.text:ti_sysbios_knl_Clock_doTick__I)
                  2000dea0    0000002c     release_pem4.oem4 (.text:ti_sysbios_knl_Queue_construct)
                  2000decc    00000004     --HOLE-- [fill = 0]
                  2000ded0    0000002c     sysbios.aem4 : BIOS.obj (.text:ti_sysbios_knl_Task_restore__E)
                  2000defc    00000028     driverlib.a : prcm.obj (.text:PRCMPeripheralClkDisable)
                  2000df24    00000028     dpl_cc32xx.aem4 : PowerCC32XX_tirtos.oem4 (.text:PowerCC32XX_initPolicy)
                  2000df4c    00000028     drivers_cc32xx.aem4 : PowerCC32XX.oem4 (.text:Power_registerNotify)
                  2000df74    00000028     rtsv7M4_T_le_eabi.lib : lseek.obj (.text)
                  2000df9c    00000028                           : write.obj (.text)
                  2000dfc4    00000026     drivers_cc32xx.aem4 : List.oem4 (.text:List_put)
                  2000dfea    00000006                         : I2CCC32XX.oem4 (.text:I2CCC32XX_control)
                  2000dff0    00000026     sysbios.aem4 : BIOS.obj (.text:xdc_runtime_System_printf_va__F)
                  2000e016    00000002     --HOLE-- [fill = 0]
                  2000e018    00000024     release_pem4.oem4 (.text:ti_sysbios_BIOS_registerRTSLock__I)
                  2000e03c    00000024     release_pem4.oem4 (.text:ti_sysbios_BIOS_removeRTSLock__I)
                  2000e060    00000024     sysbios.aem4 : BIOS.obj (.text:ti_sysbios_family_arm_m3_Timer_startup__E)
                  2000e084    00000024     release_pem4.oem4 (.text:ti_sysbios_gates_GateMutex_Object__delete__S)
                  2000e0a8    00000024     sysbios.aem4 : BIOS.obj (.text:ti_sysbios_knl_Clock_Module_startup__E)
                  2000e0cc    00000024     release_pem4.oem4 (.text:ti_sysbios_knl_Clock_Object__delete__S)
                  2000e0f0    00000024     sysbios.aem4 : BIOS.obj (.text:ti_sysbios_knl_Clock_start__E)
                  2000e114    00000004     --HOLE-- [fill = 0]
                  2000e118    00000024                  : BIOS.obj (.text:ti_sysbios_knl_Semaphore_Instance_init__E)
                  2000e13c    00000024     release_pem4.oem4 (.text:ti_sysbios_knl_Semaphore_Object__delete__S)
                  2000e160    00000024     sysbios.aem4 : BIOS.obj (.text:ti_sysbios_knl_Task_restoreHwi__E)
                  2000e184    00000004     --HOLE-- [fill = 0]
                  2000e188    00000024                  : BIOS.obj (.text:xdc_runtime_Error_policyMin__E)
                  2000e1ac    00000004     --HOLE-- [fill = 0]
                  2000e1b0    00000022                  : BIOS.obj (.text:ti_sysbios_family_arm_lm4_Timer_write__I)
                  2000e1d2    00000002     --HOLE-- [fill = 0]
                  2000e1d4    00000020     drivers_cc32xx.aem4 : ADCCC32XX.oem4 (.text:ADCCC32XX_convertToMicroVolts)
                  2000e1f4    00000020                         : PowerCC32XX.oem4 (.text:Power_unregisterNotify)
                  2000e214    00000020                         : RingBuf.oem4 (.text:RingBuf_peek)
                  2000e234    00000020                         : UARTCC32XX.oem4 (.text:getPowerMgrId)
                  2000e254    00000020     rtsv7M4_T_le_eabi.lib : u_tofd_t2.obj (.text)
                  2000e274    00000020     release_pem4.oem4 (.text:ti_sysbios_BIOS_rtsLock__I)
                  2000e294    00000020     release_pem4.oem4 (.text:ti_sysbios_family_arm_m3_Hwi_Object__delete__S)
                  2000e2b4    00000004     --HOLE-- [fill = 0]
                  2000e2b8    00000020     sysbios.aem4 : BIOS.obj (.text:ti_sysbios_family_arm_m3_Hwi_clearInterrupt__E)
                  2000e2d8    00000020                  : m3_Hwi_asm.obj (.text:ti_sysbios_family_arm_m3_Hwi_excHandlerAsm__I)
                  2000e2f8    00000020                  : BIOS.obj (.text:ti_sysbios_family_arm_m3_Hwi_excHandler__I)
                  2000e318    00000020                  : BIOS.obj (.text:ti_sysbios_family_arm_m3_TimestampProvider_Module_startup__E)
                  2000e338    00000020     release_pem4.oem4 (.text:ti_sysbios_gates_GateHwi_Object__delete__S)
                  2000e358    00000020     release_pem4.oem4 (.text:ti_sysbios_heaps_HeapMem_Object__delete__S)
                  2000e378    00000020     sysbios.aem4 : BIOS.obj (.text:ti_sysbios_knl_Idle_run__E)
                  2000e398    00000020     release_pem4.oem4 (.text:ti_sysbios_knl_Semaphore_destruct)
                  2000e3b8    00000020     release_pem4.oem4 (.text:ti_sysbios_knl_Task_Object__delete__S)
                  2000e3d8    00000020     release_pem4.oem4 (.text:ti_uia_loggers_LoggerStopMode_Object__delete__S)
                  2000e3f8    00000020     sysbios.aem4 : BIOS.obj (.text:xdc_runtime_SysMin_Module_startup__E)
                  2000e418    00000020                  : BIOS.obj (.text:xdc_runtime_SysStd_abort__E)
                  2000e438    0000001e                  : m3_Hwi_asm_switch.obj (.text:ti_sysbios_family_xxx_Hwi_switchAndRunFunc)
                  2000e456    00000002     --HOLE-- [fill = 0]
                  2000e458    0000001c     driverlib.a : pin.obj (.text:PinToPadGet)
                  2000e474    00000004     --HOLE-- [fill = 0]
                  2000e478    0000001c     sysbios.aem4 : BIOS.obj (.text:ti_sysbios_family_arm_m3_Timer_stop__E)
                  2000e494    00000004     --HOLE-- [fill = 0]
                  2000e498    0000001c                  : BIOS.obj (.text:ti_sysbios_gates_GateMutex_Instance_init__E)
                  2000e4b4    00000004     --HOLE-- [fill = 0]
                  2000e4b8    0000001c                  : BIOS.obj (.text:ti_sysbios_knl_Clock_Instance_finalize__E)
                  2000e4d4    0000001c     release_pem4.oem4 (.text:ti_sysbios_knl_Queue_destruct)
                  2000e4f0    0000001c     sysbios.aem4 : BIOS.obj (.text:ti_sysbios_knl_Queue_put__E)
                  2000e50c    00000004     --HOLE-- [fill = 0]
                  2000e510    0000001c                  : BIOS.obj (.text:ti_sysbios_knl_Task_enter__I)
                  2000e52c    0000001c     ti.uia.loggers.aem4 : LoggerStopMode.oem4 (.text:ti_uia_loggers_LoggerStopMode_Instance_init__E)
                  2000e548    0000001a     release_pem4.oem4 (.text:free)
                  2000e562    0000001a     mian.obj (.text:main)
                  2000e57c    0000001a     sysbios.aem4 : m3_Hwi_asm.obj (.text:ti_sysbios_family_arm_m3_Hwi_pendSV__I)
                  2000e596    00000002     --HOLE-- [fill = 0]
                  2000e598    0000001a                  : BIOS.obj (.text:ti_sysbios_knl_Task_sleepTimeout__I)
                  2000e5b2    0000001a     release_pem4.oem4 (.text:xdc_runtime_System_printf__E)
                  2000e5cc    00000018     drivers_cc32xx.aem4 : PowerCC32XX.oem4 (.text:Power_idleFunc)
                  2000e5e4    00000018     driverlib.a : uart.obj (.text:UARTBusy)
                  2000e5fc    00000018                 : uart.obj (.text:UARTIntEnable)
                  2000e614    00000018     drivers_cc32xx.aem4 : UART.oem4 (.text:UART_Params_init)
                  2000e62c    00000018     rtsv7M4_T_le_eabi.lib : args_main.obj (.text)
                  2000e644    00000018                           : ll_mul_t2.obj (.text)
                  2000e65c    00000018                           : strcmp.obj (.text)
                  2000e674    00000018     release_pem4.oem4 (.text:ti_sysbios_BIOS_rtsUnlock__I)
                  2000e68c    00000018     release_pem4.oem4 (.text:ti_sysbios_family_arm_lm4_Timer_Module__startupDone__F)
                  2000e6a4    00000018     release_pem4.oem4 (.text:ti_sysbios_family_arm_m3_Hwi_Handle__label__S)
                  2000e6bc    00000018     release_pem4.oem4 (.text:ti_sysbios_family_arm_m3_Hwi_Module__startupDone__F)
                  2000e6d4    00000018     release_pem4.oem4 (.text:ti_sysbios_family_arm_m3_Timer_Module__startupDone__F)
                  2000e6ec    00000018     release_pem4.oem4 (.text:ti_sysbios_gates_GateHwi_Handle__label__S)
                  2000e704    00000018     release_pem4.oem4 (.text:ti_sysbios_gates_GateMutex_Handle__label__S)
                  2000e71c    00000004     --HOLE-- [fill = 0]
                  2000e720    00000018     sysbios.aem4 : BIOS.obj (.text:ti_sysbios_gates_GateMutex_leave__E)
                  2000e738    00000018     release_pem4.oem4 (.text:ti_sysbios_heaps_HeapMem_Handle__label__S)
                  2000e750    00000018     release_pem4.oem4 (.text:ti_sysbios_knl_Swi_Handle__label__S)
                  2000e768    00000018     release_pem4.oem4 (.text:ti_sysbios_knl_Task_Handle__label__S)
                  2000e780    00000018     sysbios.aem4 : BIOS.obj (.text:ti_sysbios_rts_ti_ReentSupport_getReent__F)
                  2000e798    00000018     release_pem4.oem4 (.text:ti_sysbios_rts_ti_ReentSupport_getTlsAddr__I)
                  2000e7b0    00000018     release_pem4.oem4 (.text:ti_uia_loggers_LoggerStopMode_Handle__label__S)
                  2000e7c8    00000018     sysbios.aem4 : BIOS.obj (.text:xdc_runtime_Error_init__E)
                  2000e7e0    00000018                  : BIOS.obj (.text:xdc_runtime_System_exit__E)
                  2000e7f8    00000016     drivers_cc32xx.aem4 : List.oem4 (.text:List_remove)
                  2000e80e    00000016     driverlib.a : prcm.obj (.text:PRCMHIBRegRead)
                  2000e824    00000016                 : prcm.obj (.text:PRCMHIBRegWrite)
                  2000e83a    00000016     rtsv7M4_T_le_eabi.lib : strchr.obj (.text)
                  2000e850    00000016     release_pem4.oem4 (.text:ti_sysbios_BIOS_exitFunc__I)
                  2000e866    00000016     ti.uia.loggers.aem4 : LoggerStopMode.oem4 (.text:ti_uia_loggers_LoggerStopMode_disable__E)
                  2000e87c    00000016                         : LoggerStopMode.oem4 (.text:ti_uia_loggers_LoggerStopMode_enable__E)
                  2000e892    00000002     --HOLE-- [fill = 0]
                  2000e894    00000014     drivers_cc32xx.aem4 : PWM.oem4 (.text:PWM_Params_init)
                  2000e8a8    00000014                         : PowerCC32XX.oem4 (.text:Power_getDependencyCount)
                  2000e8bc    00000014     GPIO_control.obj (.text:button_0_fxn)
                  2000e8d0    00000014     drivers_cc32xx.aem4 : UARTCC32XX.oem4 (.text:releasePowerConstraint)
                  2000e8e4    00000014     rtsv7M4_T_le_eabi.lib : _lock.obj (.text)
                  2000e8f8    00000014                           : strcpy.obj (.text)
                  2000e90c    00000014                           : strlen.obj (.text)
                  2000e920    00000014     release_pem4.oem4 (.text:ti_sysbios_family_arm_m3_Hwi_Object__get__S)
                  2000e934    00000004     --HOLE-- [fill = 0]
                  2000e938    00000014     sysbios.aem4 : BIOS.obj (.text:ti_sysbios_family_arm_m3_Hwi_switchFromBootStack__E)
                  2000e94c    00000014     release_pem4.oem4 (.text:ti_sysbios_heaps_HeapMem_Object__get__S)
                  2000e960    00000014     sysbios.aem4 : BIOS.obj (.text:ti_sysbios_knl_Clock_tickReconfig__E)
                  2000e974    00000014     release_pem4.oem4 (.text:ti_sysbios_knl_Swi_Object__get__S)
                  2000e988    00000014     release_pem4.oem4 (.text:ti_sysbios_knl_Task_Object__first__S)
                  2000e99c    00000014     release_pem4.oem4 (.text:ti_sysbios_knl_Task_Object__get__S)
                  2000e9b0    00000014     release_pem4.oem4 (.text:ti_sysbios_knl_Task_Object__next__S)
                  2000e9c4    00000012     drivers_cc32xx.aem4 : RingBuf.oem4 (.text:RingBuf_construct)
                  2000e9d6    00000012     dpl_cc32xx.aem4 : SemaphoreP_tirtos.oem4 (.text:SemaphoreP_pend)
                  2000e9e8    00000012     drivers_cc32xx.aem4 : PWMTimerCC32XX.oem4 (.text:postNotifyFxn)
                  2000e9fa    00000006                         : PWMTimerCC32XX.oem4 (.text:PWMTimerCC32XX_control)
                  2000ea00    00000012     sysbios.aem4 : BIOS.obj (.text:ti_sysbios_hal_Hwi_Module_startup__E)
                  2000ea12    00000006     driverlib.a : utils.obj (.text:UtilsDelay)
                  2000ea18    00000012     sysbios.aem4 : BIOS.obj (.text:ti_sysbios_hal_Timer_Module_startup__E)
                  2000ea2a    00000006     --HOLE-- [fill = 0]
                  2000ea30    00000012                  : BIOS.obj (.text:ti_sysbios_knl_Semaphore_reset__E)
                  2000ea42    00000012     release_pem4.oem4 (.text:xdc_runtime_Startup_exec__I)
                  2000ea54    00000010     dpl_cc32xx.aem4 : HwiP_tirtos.oem4 (.text:HwiP_Params_init)
                  2000ea64    00000010     drivers_cc32xx.aem4 : I2C.oem4 (.text:I2C_Params_init)
                  2000ea74    00000010                         : UARTCC32XX.oem4 (.text:readBlockingTimeout)
                  2000ea84    00000004     --HOLE-- [fill = 0]
                  2000ea88    00000010     sysbios.aem4 : BIOS.obj (.text:ti_sysbios_BIOS_getCpuFreq__E)
                  2000ea98    00000010                  : BIOS.obj (.text:ti_sysbios_BIOS_setThreadType__E)
                  2000eaa8    00000010                  : BIOS.obj (.text:ti_sysbios_BIOS_start__E)
                  2000eab8    00000010                  : m3_TaskSupport_asm.obj (.text:ti_sysbios_family_arm_m3_TaskSupport_glue)
                  2000eac8    00000010                  : m3_TaskSupport_asm.obj (.text:ti_sysbios_family_arm_m3_TaskSupport_swap__E)
                  2000ead8    00000010                  : BIOS.obj (.text:ti_sysbios_gates_GateMutex_Instance_finalize__E)
                  2000eae8    00000010     release_pem4.oem4 (.text:ti_sysbios_knl_Mailbox_Object__get__S)
                  2000eaf8    00000010     sysbios.aem4 : BIOS.obj (.text:ti_sysbios_knl_Semaphore_Instance_finalize__E)
                  2000eb08    00000010                  : BIOS.obj (.text:ti_sysbios_knl_Swi_disable__E)
                  2000eb18    00000010                  : BIOS.obj (.text:ti_sysbios_knl_Task_disable__E)
                  2000eb28    00000010     release_pem4.oem4 (.text:ti_uia_loggers_LoggerStopMode_Object__get__S)
                  2000eb38    00000010     ti.uia.loggers.aem4 : LoggerStopMode.oem4 (.text:ti_uia_loggers_LoggerStopMode_isEmpty__E)
                  2000eb48    00000010     sysbios.aem4 : BIOS.obj (.text:xdc_runtime_Gate_leaveSystem__E)
                  2000eb58    00000010                  : BIOS.obj (.text:xdc_runtime_Memory_free__E)
                  2000eb68    0000000e     rtsv7M4_T_le_eabi.lib : copy_decompress_none.obj (.text:decompress:none)
                  2000eb76    00000002     --HOLE-- [fill = 0]
                  2000eb78    0000000e     sysbios.aem4 : BIOS.obj (.text:ti_sysbios_knl_Idle_loop__E)
                  2000eb86    00000002     --HOLE-- [fill = 0]
                  2000eb88    0000000e                  : BIOS.obj (.text:ti_sysbios_knl_Queue_empty__E)
                  2000eb96    0000000c     CC3220S_LAUNCHXL.obj (.text:CC3220S_LAUNCHXL_initGeneral)
                  2000eba2    0000000c     dpl_cc32xx.aem4 : ClockP_tirtos.oem4 (.text:ClockP_delete)
                  2000ebae    0000000c                     : HwiP_tirtos.oem4 (.text:HwiP_delete)
                  2000ebba    00000002     --HOLE-- [fill = 0]
                  2000ebbc    0000000c     drivers_cc32xx.aem4 : PowerCC32XX.oem4 (.text:Power_getConstraintMask)
                  2000ebc8    0000000c     dpl_cc32xx.aem4 : SemaphoreP_tirtos.oem4 (.text:SemaphoreP_delete)
                  2000ebd4    0000000c     rtsv7M4_T_le_eabi.lib : copy_zero_init.obj (.text:decompress:ZI)
                  2000ebe0    0000000c     drivers_cc32xx.aem4 : I2CCC32XX.oem4 (.text:postNotify)
                  2000ebec    0000000c                         : UARTCC32XX.oem4 (.text:postNotifyFxn)
                  2000ebf8    0000000c     release_pem4.oem4 (.text:ti_sysbios_family_arm_m3_Hwi_Params__init__S)
                  2000ec04    00000004     --HOLE-- [fill = 0]
                  2000ec08    0000000c     sysbios.aem4 : BIOS.obj (.text:ti_sysbios_family_arm_m3_Hwi_disableFxn__E)
                  2000ec14    00000004     --HOLE-- [fill = 0]
                  2000ec18    0000000c                  : BIOS.obj (.text:ti_sysbios_gates_GateHwi_enter__E)
                  2000ec24    0000000c     release_pem4.oem4 (.text:ti_sysbios_knl_Clock_Params__init__S)
                  2000ec30    0000000c     sysbios.aem4 : BIOS.obj (.text:ti_sysbios_knl_Clock_getTicks__E)
                  2000ec3c    00000004     --HOLE-- [fill = 0]
                  2000ec40    0000000c                  : BIOS.obj (.text:ti_sysbios_knl_Clock_setTicks__E)
                  2000ec4c    00000004     --HOLE-- [fill = 0]
                  2000ec50    0000000c                  : BIOS.obj (.text:ti_sysbios_knl_Clock_tickStart__E)
                  2000ec5c    00000004     --HOLE-- [fill = 0]
                  2000ec60    0000000c                  : BIOS.obj (.text:ti_sysbios_knl_Clock_tickStop__E)
                  2000ec6c    0000000c     release_pem4.oem4 (.text:ti_sysbios_knl_Queue_Object__get__S)
                  2000ec78    0000000c     release_pem4.oem4 (.text:ti_sysbios_knl_Semaphore_Params__init__S)
                  2000ec84    00000004     --HOLE-- [fill = 0]
                  2000ec88    0000000c     sysbios.aem4 : BIOS.obj (.text:ti_sysbios_knl_Task_self__E)
                  2000ec94    00000004     --HOLE-- [fill = 0]
                  2000ec98    0000000c                  : BIOS.obj (.text:ti_sysbios_rts_ti_ReentSupport_taskRegHook__I)
                  2000eca4    00000004     --HOLE-- [fill = 0]
                  2000eca8    0000000c                  : BIOS.obj (.text:ti_sysbios_utils_Load_taskRegHook__E)
                  2000ecb4    00000004     --HOLE-- [fill = 0]
                  2000ecb8    0000000c                  : BIOS.obj (.text:xdc_runtime_Gate_enterSystem__E)
                  2000ecc4    00000004     --HOLE-- [fill = 0]
                  2000ecc8    0000000c                  : BIOS.obj (.text:xdc_runtime_Startup_rtsDone__E)
                  2000ecd4    00000004     --HOLE-- [fill = 0]
                  2000ecd8    0000000c                  : BIOS.obj (.text:xdc_runtime_SysStd_exit__E)
                  2000ece4    0000000a     drivers_cc32xx.aem4 : ADC.oem4 (.text:ADC_Params_init)
                  2000ecee    0000000a                         : ADC.oem4 (.text:ADC_convert)
                  2000ecf8    0000000a                         : ADC.oem4 (.text:ADC_convertToMicroVolts)
                  2000ed02    0000000a                         : I2C.oem4 (.text:I2C_transfer)
                  2000ed0c    0000000a                         : List.oem4 (.text:List_empty)
                  2000ed16    0000000a                         : PWM.oem4 (.text:PWM_setDuty)
                  2000ed20    0000000a                         : PWM.oem4 (.text:PWM_start)
                  2000ed2a    0000000a                         : UART.oem4 (.text:UART_writeCancel)
                  2000ed34    0000000a                         : UART.oem4 (.text:UART_writePolling)
                  2000ed3e    0000000a     release_pem4.oem4 (.text:xdc_runtime_IHeap_alloc)
                  2000ed48    0000000a     release_pem4.oem4 (.text:xdc_runtime_IHeap_free)
                  2000ed52    00000008     drivers_cc32xx.aem4 : ADCCC32XX.oem4 (.text:ADCCC32XX_init)
                  2000ed5a    00000008                         : I2CCC32XX.oem4 (.text:I2CCC32XX_blockingCallback)
                  2000ed62    00000008     dpl_cc32xx.aem4 : SemaphoreP_tirtos.oem4 (.text:SemaphoreP_Params_init)
                  2000ed6a    00000008     drivers_cc32xx.aem4 : UARTCC32XX.oem4 (.text:readSemCallback)
                  2000ed72    00000008     sysbios.aem4 : BIOS.obj (.text:ti_sysbios_family_arm_lm4_Timer_masterDisable__I)
                  2000ed7a    00000006     --HOLE-- [fill = 0]
                  2000ed80    00000008                  : BIOS.obj (.text:ti_sysbios_family_arm_m3_Hwi_doSwiRestore__I)
                  2000ed88    00000008                  : BIOS.obj (.text:ti_sysbios_family_arm_m3_Hwi_startup__E)
                  2000ed90    00000008                  : BIOS.obj (.text:ti_sysbios_knl_Task_getHookContext__E)
                  2000ed98    00000008     drivers_cc32xx.aem4 : UARTCC32XX.oem4 (.text:writeSemCallback)
                  2000eda0    00000006     sysbios.aem4 : BIOS.obj (.text:ti_sysbios_family_arm_m3_Hwi_doTaskRestore__I)
                  2000eda6    00000002     --HOLE-- [fill = 0]
                  2000eda8    00000006                  : BIOS.obj (.text:ti_sysbios_family_arm_m3_Hwi_restoreFxn__E)
                  2000edae    00000002     --HOLE-- [fill = 0]
                  2000edb0    00000006                  : BIOS.obj (.text:ti_sysbios_gates_GateHwi_leave__E)
                  2000edb6    00000002     --HOLE-- [fill = 0]
                  2000edb8    00000006                  : BIOS.obj (.text:ti_sysbios_hal_Timer_start__E)
                  2000edbe    00000002     --HOLE-- [fill = 0]
                  2000edc0    00000006                  : BIOS.obj (.text:ti_sysbios_heaps_HeapMem_isBlocking__E)
                  2000edc6    00000002     --HOLE-- [fill = 0]
                  2000edc8    00000006                  : BIOS.obj (.text:ti_sysbios_knl_Clock_stop__E)
                  2000edce    00000002     --HOLE-- [fill = 0]
                  2000edd0    00000006                  : BIOS.obj (.text:ti_sysbios_knl_Queue_Instance_init__E)
                  2000edd6    00000002     --HOLE-- [fill = 0]
                  2000edd8    00000006                  : BIOS.obj (.text:ti_sysbios_knl_Swi_startup__E)
                  2000edde    00000002     --HOLE-- [fill = 0]
                  2000ede0    00000006                  : BIOS.obj (.text:xdc_runtime_System_Module_startup__E)
                  2000ede6    00000002     --HOLE-- [fill = 0]
                  2000ede8    00000004                  : BIOS.obj (.text:ti_sysbios_family_arm_m3_Timer_getMaxTicks__E)
                  2000edec    00000004     --HOLE-- [fill = 0]
                  2000edf0    00000004                  : BIOS.obj (.text:ti_sysbios_gates_GateHwi_query__E)
                  2000edf4    00000004     --HOLE-- [fill = 0]
                  2000edf8    00000004                  : BIOS.obj (.text:ti_sysbios_gates_GateMutex_query__E)
                  2000edfc    00000004     --HOLE-- [fill = 0]
                  2000ee00    00000004                  : BIOS.obj (.text:ti_sysbios_knl_Clock_setTimeout__E)
                  2000ee04    00000004     --HOLE-- [fill = 0]
                  2000ee08    00000004                  : BIOS.obj (.text:ti_sysbios_knl_Task_startup__E)
                  2000ee0c    00000004     --HOLE-- [fill = 0]
                  2000ee10    00000004                  : BIOS.obj (.text:xdc_runtime_SysStd_putch__E)
                  2000ee14    00000004     --HOLE-- [fill = 0]
                  2000ee18    00000004                  : BIOS.obj (.text:xdc_runtime_SysStd_ready__E)
                  2000ee1c    00000004     --HOLE-- [fill = 0]
                  2000ee20    00000002                  : BIOS.obj (.text:ti_sysbios_BIOS_linkedWithIncorrectBootLibrary__E)
                  2000ee22    00000006     --HOLE-- [fill = 0]
                  2000ee28    00000002                  : BIOS.obj (.text:ti_sysbios_gates_GateHwi_Instance_init__E)
                  2000ee2a    00000006     --HOLE-- [fill = 0]
                  2000ee30    00000002                  : BIOS.obj (.text:xdc_runtime_System_abortSpin__E)
                  2000ee32    00000006     --HOLE-- [fill = 0]
                  2000ee38    00000002                  : BIOS.obj (.text:xdc_runtime_System_exitSpin__E)

.priheap   0    2000ee40    00008000     UNINITIALIZED
                  2000ee40    00008000     --HOLE--

.bss       0    20016e80    00002930     UNINITIALIZED
                  20016e80    00001200     release_pem4.oem4 (.bss:taskStackSection)
                  20018080    00000400     (.common:ti_uia_loggers_LoggerStopMode_Instance_State_1_packetArray__A)
                  20018480    00000400     (.common:ti_uia_loggers_LoggerStopMode_Instance_State_2_packetArray__A)
                  20018880    00000400     (.common:xdc_runtime_SysMin_Module_State_0_outbuf__A)
                  20018c80    0000030c     (.common:ti_sysbios_family_arm_m3_Hwi_dispatchTable)
                  20018f8c    00000050     (.common:i2cCC3220SObjects)
                  20018fdc    00000020     drivers_cc32xx.aem4 : GPIOCC32XX.oem4 (.bss:gpioCallbackInfo)
                  20018ffc    00000004     PWM_Control.obj (.bss)
                  20019000    00000200     (.common:ti_uia_loggers_LoggerStopMode_Instance_State_0_packetArray__A)
                  20019200    0000012c     (.common:PowerCC32XX_contextSave)
                  2001932c    00000120     rtsv7M4_T_le_eabi.lib : trgmsg.obj (.bss:_CIOBUF_)
                  2001944c    00000108     (.common:uartCC3220SObjects)
                  20019554    000000a0     (.common:__TI_tmpnams)
                  200195f4    00000048     (.common:pwmTimerCC3220SObjects)
                  2001963c    00000040     (.common:uartCC3220SRingBuffer)
                  2001967c    00000004     UART_Utils.obj (.bss)
                  20019680    00000030     (.common:ti_uia_loggers_LoggerStopMode_Instance_State_0_hdr__A)
                  200196b0    00000014     drivers_cc32xx.aem4 : GPIOCC32XX.oem4 (.bss:powerNotifyObj)
                  200196c4    00000004                         : GPIOCC32XX.oem4 (.bss)
                  200196c8    0000000c     dpl_cc32xx.aem4 : PowerCC32XX_tirtos.oem4 (.bss)
                  200196d4    00000008     (.common:parmbuf)
                  200196dc    00000008     (.common:ti_sysbios_knl_Task_Instance_State_0_hookEnv__A)
                  200196e4    00000008     (.common:ti_sysbios_knl_Task_Instance_State_1_hookEnv__A)
                  200196ec    00000008     (.common:ti_sysbios_knl_Task_Instance_State_2_hookEnv__A)
                  200196f4    00000008     (.common:ti_sysbios_knl_Task_Instance_State_3_hookEnv__A)
                  200196fc    00000004     drivers_cc32xx.aem4 : TimerCC32XX.oem4 (.bss:timerState)
                  20019700    00000030     (.common:ti_uia_loggers_LoggerStopMode_Instance_State_1_hdr__A)
                  20019730    00000008     (.common:ti_sysbios_knl_Task_Instance_State_4_hookEnv__A)
                  20019738    00000004     (.common:ClockP_tickPeriod)
                  2001973c    00000004     (.common:adcCC3220SObjects)
                  20019740    00000004     (.common:adcValue0MicroVolt)
                  20019744    00000004     (.common:ti_sysbios_family_arm_m3_Hwi_Instance_State_0_hookEnv__A)
                  20019748    00000004     (.common:ti_sysbios_family_arm_m3_Hwi_Instance_State_1_hookEnv__A)
                  2001974c    00000004     (.common:ti_sysbios_family_arm_m3_Hwi_Instance_State_2_hookEnv__A)
                  20019750    00000004     (.common:ti_sysbios_knl_Swi_Instance_State_0_hookEnv__A)
                  20019754    00000002     (.common:adcValue0)
                  20019756    00000001                         : I2CCC32XX.oem4 (.bss)
                  20019757    00000001     (.common:i)
                  20019758    00000028     --HOLE--
                  20019780    00000030     (.common:ti_uia_loggers_LoggerStopMode_Instance_State_2_hdr__A)

.data      0    200197b0    00000cec     UNINITIALIZED
                  200197b0    00000190     release_pem4.oem4 (.data:ti_sysbios_knl_Task_Object__table__V)
                  20019940    0000016c     drivers_cc32xx.aem4 : PowerCC32XX.oem4 (.data:PowerCC32XX_module)
                  20019aac    000000f8     CC3220S_LAUNCHXL.obj (.data:parkInfo)
                  20019ba4    000000f0     rtsv7M4_T_le_eabi.lib : defs.obj (.data:_ftable)
                  20019c94    0000009c     release_pem4.oem4 (.data:ti_uia_loggers_LoggerStopMode_Object__table__V)
                  20019d30    00000098     release_pem4.oem4 (.data:ti_sysbios_utils_Load_Module__state__V)
                  20019dc8    0000008c     release_pem4.oem4 (.data:ti_sysbios_utils_Load_Module_State_0_taskEnv__A)
                  20019e54    00000080     release_pem4.oem4 (.data:ti_sysbios_family_arm_lm4_Timer_Object__table__V)
                  20019ed4    00000080     release_pem4.oem4 (.data:ti_sysbios_knl_Swi_Module_State_0_readyQ__A)
                  20019f54    00000080     release_pem4.oem4 (.data:ti_sysbios_knl_Task_Module_State_0_readyQ__A)
                  20019fd4    00000078     rtsv7M4_T_le_eabi.lib : write.obj (.data:_device)
                  2001a04c    00000074     sysbios.aem4 : BIOS.obj (.data:$O1$$)
                  2001a0c0    00000050     rtsv7M4_T_le_eabi.lib : write.obj (.data:_stream)
                  2001a110    00000048     release_pem4.oem4 (.data:ti_sysbios_family_arm_m3_Hwi_Object__table__V)
                  2001a158    00000044     release_pem4.oem4 (.data:ti_sysbios_knl_Task_Module__state__V)
                  2001a19c    00000038     release_pem4.oem4 (.data:ti_sysbios_gates_GateMutex_Object__table__V)
                  2001a1d4    00000034     release_pem4.oem4 (.data:ti_sysbios_family_arm_m3_Hwi_Module__state__V)
                  2001a208    00000030     release_pem4.oem4 (.data:ti_sysbios_family_arm_m3_Timer_Object__table__V)
                  2001a238    00000030     release_pem4.oem4 (.data:ti_sysbios_knl_Swi_Object__table__V)
                  2001a268    0000002c     release_pem4.oem4 (.data:ti_sysbios_knl_Clock_Module__state__V)
                  2001a294    00000028     release_pem4.oem4 (.data:ti_sysbios_knl_Semaphore_Object__table__V)
                  2001a2bc    00000024     release_pem4.oem4 (.data:ti_sysbios_BIOS_Module__state__V)
                  2001a2e0    00000020     release_pem4.oem4 (.data:ti_sysbios_family_arm_lm4_Timer_Module_State_0_device__A)
                  2001a300    00000020     release_pem4.oem4 (.data:xdc_runtime_Error_IgnoreBlock)
                  2001a320    0000001c     release_pem4.oem4 (.data:ti_sysbios_knl_Swi_Module__state__V)
                  2001a33c    00000018     release_pem4.oem4 (.data:ti_sysbios_heaps_HeapMem_Object__table__V)
                  2001a354    00000010     CC3220S_LAUNCHXL.obj (.data:gpioPinConfigs)
                  2001a364    00000010     rtsv7M4_T_le_eabi.lib : defs.obj (.data)
                  2001a374    00000010     release_pem4.oem4 (.data:ti_sysbios_family_arm_lm4_Timer_Module_State_0_handles__A)
                  2001a384    00000010     release_pem4.oem4 (.data:ti_sysbios_hal_Timer_Object__table__V)
                  2001a394    0000000c     rtsv7M4_T_le_eabi.lib : exit.obj (.data:$O1$$)
                  2001a3a0    0000000c     release_pem4.oem4 (.data:ti_sysbios_family_arm_lm4_Timer_Module__state__V)
                  2001a3ac    0000000c     release_pem4.oem4 (.data:ti_sysbios_family_arm_m3_Timer_Module__state__V)
                  2001a3b8    0000000c     release_pem4.oem4 (.data:ti_sysbios_knl_Task_Module__root__V)
                  2001a3c4    0000000c     release_pem4.oem4 (.data:ti_uia_runtime_QueueDescriptor_Module__state__V)
                  2001a3d0    0000000c     release_pem4.oem4 (.data:xdc_runtime_SysMin_Module__state__V)
                  2001a3dc    00000009     drivers_cc32xx.aem4 : GPIOCC32XX.oem4 (.data)
                  2001a3e5    00000001     dpl_cc32xx.aem4 : PowerCC32XX_tirtos.oem4 (.data)
                  2001a3e6    00000002     release_pem4.oem4 (.data:ti_sysbios_family_arm_m3_Hwi_Module_State_0_excActive__A)
                  2001a3e8    00000008     rtsv7M4_T_le_eabi.lib : _lock.obj (.data:$O1$$)
                  2001a3f0    00000008     CC3220S_LAUNCHXL.obj (.data:gpioCallbackFunctions)
                  2001a3f8    00000008     shared_variables.obj (.data)
                  2001a400    00000008     drivers_cc32xx.aem4 : ADCCC32XX.oem4 (.data:state)
                  2001a408    00000008     ti.uia.runtime.aem4 : QueueDescriptor.oem4 (.data)
                  2001a410    00000008     release_pem4.oem4 (.data:ti_sysbios_family_arm_m3_Hwi_Module__root__V)
                  2001a418    00000008     release_pem4.oem4 (.data:ti_sysbios_gates_GateHwi_Module__root__V)
                  2001a420    00000008     release_pem4.oem4 (.data:ti_sysbios_gates_GateMutex_Module__root__V)
                  2001a428    00000008     release_pem4.oem4 (.data:ti_sysbios_heaps_HeapMem_Module__root__V)
                  2001a430    00000008     release_pem4.oem4 (.data:ti_sysbios_knl_Clock_Module__root__V)
                  2001a438    00000008     release_pem4.oem4 (.data:ti_sysbios_knl_Queue_Module__root__V)
                  2001a440    00000008     release_pem4.oem4 (.data:ti_sysbios_knl_Semaphore_Module__root__V)
                  2001a448    00000008     release_pem4.oem4 (.data:ti_uia_loggers_LoggerStopMode_Module__root__V)
                  2001a450    00000008     release_pem4.oem4 (.data:xdc_runtime_Startup_Module__state__V)
                  2001a458    00000008     release_pem4.oem4 (.data:xdc_runtime_System_Module_State_0_atexitHandlers__A)
                  2001a460    00000008     release_pem4.oem4 (.data:xdc_runtime_System_Module__state__V)
                  2001a468    00000004     rtsv7M4_T_le_eabi.lib : fopen.obj (.data)
                  2001a46c    00000004                           : open.obj (.data)
                  2001a470    00000004                           : stkdepth_vars.obj (.data)
                  2001a474    00000004     release_pem4.oem4 (.data:ti_sysbios_family_arm_m3_Hwi_Module_State_0_excContext__A)
                  2001a478    00000004     release_pem4.oem4 (.data:ti_sysbios_family_arm_m3_Hwi_Module_State_0_excStack__A)
                  2001a47c    00000004     release_pem4.oem4 (.data:ti_sysbios_family_arm_m3_TimestampProvider_Module__state__V)
                  2001a480    00000004     release_pem4.oem4 (.data:ti_sysbios_gates_GateHwi_Object__table__V)
                  2001a484    00000004     release_pem4.oem4 (.data:ti_sysbios_knl_Task_Module_State_0_idleTask__A)
                  2001a488    00000004     release_pem4.oem4 (.data:ti_sysbios_rts_ti_ReentSupport_Module__state__V)
                  2001a48c    00000004     release_pem4.oem4 (.data:ti_sysbios_utils_Load_Module_State_0_runningTask__A)
                  2001a490    00000004     release_pem4.oem4 (.data:ti_sysbios_utils_Load_Module_State_0_taskStartTime__A)
                  2001a494    00000004     release_pem4.oem4 (.data:xdc_runtime_Memory_Module__state__V)
                  2001a498    00000001     drivers_cc32xx.aem4 : ADC.oem4 (.data)
                  2001a499    00000001                         : I2C.oem4 (.data)
                  2001a49a    00000001                         : PWM.oem4 (.data)
                  2001a49b    00000001                         : UART.oem4 (.data)

.const     0    2001a49c    00000b87     
                  2001a49c    00000100     driverlib.a : pin.obj (.const:g_ulPinToPadMap)
                  2001a59c    000000a8                 : prcm.obj (.const:PRCM_PeriphRegsList)
                  2001a644    00000060     release_pem4.oem4 (.const:ti_uia_loggers_LoggerStopMode_Module__FXNS__C)
                  2001a6a4    00000048     release_pem4.oem4 (.const:.string)
                  2001a6ec    00000048     CC3220S_LAUNCHXL.obj (.const:uartCC3220SHWAttrs)
                  2001a734    00000040     CC3220S_LAUNCHXL.obj (.const:PowerCC32XX_config)
                  2001a774    0000003c     release_pem4.oem4 (.const:ti_sysbios_knl_Task_Object__PARAMS__C)
                  2001a7b0    00000034     release_pem4.oem4 (.const:xdc_runtime_Startup_sfxnTab__A)
                  2001a7e4    00000030     release_pem4.oem4 (.const:ti_sysbios_family_arm_m3_Hwi_Object__PARAMS__C)
                  2001a814    00000030     release_pem4.oem4 (.const:ti_sysbios_knl_Task_hooks__A)
                  2001a844    00000028     drivers_cc32xx.aem4 : UARTCC32XX.oem4 (.const:UARTCC32XX_fxnTable)
                  2001a86c    00000028     release_pem4.oem4 (.const:ti_sysbios_heaps_HeapMem_Module__FXNS__C)
                  2001a894    00000028     release_pem4.oem4 (.const:ti_uia_loggers_LoggerStopMode_Object__PARAMS__C)
                  2001a8bc    00000024     drivers_cc32xx.aem4 : UART.oem4 (.const:UART_defaultParams)
                  2001a8e0    00000024     release_pem4.oem4 (.const)
                  2001a904    00000024     release_pem4.oem4 (.const:ti_sysbios_gates_GateHwi_Module__FXNS__C)
                  2001a928    00000024     release_pem4.oem4 (.const:ti_sysbios_gates_GateMutex_Module__FXNS__C)
                  2001a94c    00000024     release_pem4.oem4 (.const:ti_sysbios_heaps_HeapMem_Object__PARAMS__C)
                  2001a970    00000024     release_pem4.oem4 (.const:ti_sysbios_knl_Clock_Object__PARAMS__C)
                  2001a994    00000024     release_pem4.oem4 (.const:ti_sysbios_knl_Semaphore_Object__PARAMS__C)
                  2001a9b8    00000021     drivers_cc32xx.aem4 : GPIOCC32XX.oem4 (.const:.string:pinTable)
                  2001a9d9    00000001     release_pem4.oem4 (.const:ti_sysbios_knl_Clock_tickMode__C)
                  2001a9da    00000002     release_pem4.oem4 (.const:ti_sysbios_family_arm_m3_Hwi_Module__id__C)
                  2001a9dc    00000020     drivers_cc32xx.aem4 : PWMTimerCC32XX.oem4 (.const:PWMTimerCC32XX_fxnTable)
                  2001a9fc    00000020                         : PWMTimerCC32XX.oem4 (.const:gpioPinIndexes)
                  2001aa1c    00000020                         : UARTCC32XX.oem4 (.const:staticFxnTable)
                  2001aa3c    00000020     release_pem4.oem4 (.const:ti_sysbios_family_arm_m3_Hwi_Object__DESC__C)
                  2001aa5c    00000020     release_pem4.oem4 (.const:ti_sysbios_gates_GateHwi_Object__DESC__C)
                  2001aa7c    00000020     release_pem4.oem4 (.const:ti_sysbios_gates_GateMutex_Object__DESC__C)
                  2001aa9c    00000020     release_pem4.oem4 (.const:ti_sysbios_heaps_HeapMem_Object__DESC__C)
                  2001aabc    00000020     release_pem4.oem4 (.const:ti_sysbios_knl_Clock_Object__DESC__C)
                  2001aadc    00000020     release_pem4.oem4 (.const:ti_sysbios_knl_Queue_Object__DESC__C)
                  2001aafc    00000020     release_pem4.oem4 (.const:ti_sysbios_knl_Semaphore_Object__DESC__C)
                  2001ab1c    00000020     release_pem4.oem4 (.const:ti_sysbios_knl_Task_Object__DESC__C)
                  2001ab3c    00000020     release_pem4.oem4 (.const:ti_uia_loggers_LoggerStopMode_Object__DESC__C)
                  2001ab5c    0000001a     release_pem4.oem4 (.const:xdc_runtime_Startup_sfxnRts__A)
                  2001ab76    00000002     release_pem4.oem4 (.const:ti_sysbios_family_arm_m3_Hwi_Module__loggerDefined__C)
                  2001ab78    00000018     drivers_cc32xx.aem4 : ADCCC32XX.oem4 (.const:ADCCC32XX_fxnTable)
                  2001ab90    00000018     CC3220S_LAUNCHXL.obj (.const:ADC_config)
                  2001aba8    00000018     drivers_cc32xx.aem4 : I2CCC32XX.oem4 (.const:I2CCC32XX_fxnTable)
                  2001abc0    00000018     CC3220S_LAUNCHXL.obj (.const:PWM_config)
                  2001abd8    00000018     drivers_cc32xx.aem4 : PWM.oem4 (.const:PWM_defaultParams)
                  2001abf0    00000018     CC3220S_LAUNCHXL.obj (.const:UART_config)
                  2001ac08    00000018     release_pem4.oem4 (.const:ti_sysbios_gates_GateHwi_Object__PARAMS__C)
                  2001ac20    00000018     release_pem4.oem4 (.const:ti_sysbios_gates_GateMutex_Object__PARAMS__C)
                  2001ac38    00000018     release_pem4.oem4 (.const:ti_sysbios_knl_Queue_Object__PARAMS__C)
                  2001ac50    00000018     release_pem4.oem4 (.const:ti_sysbios_knl_Swi_hooks__A)
                  2001ac68    00000014     CC3220S_LAUNCHXL.obj (.const:GPIOCC32XX_config)
                  2001ac7c    00000014     drivers_cc32xx.aem4 : GPIOCC32XX.oem4 (.const:gpioBaseAddresses)
                  2001ac90    00000014                         : UARTCC32XX.oem4 (.const:parityType)
                  2001aca4    00000014                         : GPIOCC32XX.oem4 (.const:powerResources)
                  2001acb8    00000014     release_pem4.oem4 (.const:ti_sysbios_family_arm_m3_Hwi_hooks__A)
                  2001accc    00000010     drivers_cc32xx.aem4 : I2C.oem4 (.const:I2C_defaultParams)
                  2001acdc    00000010                         : UARTCC32XX.oem4 (.const:dataLength)
                  2001acec    00000010                         : PWMTimerCC32XX.oem4 (.const:gpioBaseAddresses)
                  2001acfc    00000010     CC3220S_LAUNCHXL.obj (.const:i2cCC3220SHWAttrs)
                  2001ad0c    00000010     drivers_cc32xx.aem4 : PWMTimerCC32XX.oem4 (.const:timerBaseAddresses)
                  2001ad1c    00000010     release_pem4.oem4 (.const:xdc_runtime_Startup_firstFxns__A)
                  2001ad2c    0000000e     CC3220S_LAUNCHXL.obj (.const)
                  2001ad3a    00000002     release_pem4.oem4 (.const:ti_sysbios_family_arm_m3_Timer_Module__id__C)
                  2001ad3c    0000000c     CC3220S_LAUNCHXL.obj (.const:I2C_config)
                  2001ad48    0000000c     release_pem4.oem4 (.const:ti_sysbios_knl_Idle_funcList__A)
                  2001ad54    00000008     drivers_cc32xx.aem4 : ADC.oem4 (.const:ADC_defaultParams)
                  2001ad5c    00000008     CC3220S_LAUNCHXL.obj (.const:adcCC3220SHWAttrs)
[...]
2001a480  ti_sysbios_gates_GateHwi_Object__table__V                       
2001a484  ti_sysbios_knl_Task_Module_State_0_idleTask__A                  
2001a488  ti_sysbios_rts_ti_ReentSupport_Module__state__V                 
2001a48c  ti_sysbios_utils_Load_Module_State_0_runningTask__A             
2001a490  ti_sysbios_utils_Load_Module_State_0_taskStartTime__A           
2001a494  xdc_runtime_Memory_Module__state__V                             
2001a644  ti_uia_loggers_LoggerStopMode_Module__FXNS__C                   
2001a6ec  uartCC3220SHWAttrs                                              
2001a734  PowerCC32XX_config                                              
2001a774  ti_sysbios_knl_Task_Object__PARAMS__C                           
2001a7b0  xdc_runtime_Startup_sfxnTab__A                                  
2001a7e4  ti_sysbios_family_arm_m3_Hwi_Object__PARAMS__C                  
2001a814  ti_sysbios_knl_Task_hooks__A                                    
2001a844  UARTCC32XX_fxnTable                                             
2001a86c  ti_sysbios_heaps_HeapMem_Module__FXNS__C                        
2001a894  ti_uia_loggers_LoggerStopMode_Object__PARAMS__C                 
2001a8bc  UART_defaultParams                                              
2001a8e0  heap0                                                           
2001a8e4  ADC_Task_Humidity                                               
2001a8e8  PWM_Task                                                        
2001a8ec  GPIO_Task                                                       
2001a8f0  Timer_Led                                                       
2001a8f4  Timer_Stop                                                      
2001a8f8  i2cSem                                                          
2001a8fc  I2C_Task                                                        
2001a900  pwmSem                                                          
2001a904  ti_sysbios_gates_GateHwi_Module__FXNS__C                        
2001a928  ti_sysbios_gates_GateMutex_Module__FXNS__C                      
2001a94c  ti_sysbios_heaps_HeapMem_Object__PARAMS__C                      
2001a970  ti_sysbios_knl_Clock_Object__PARAMS__C                          
2001a994  ti_sysbios_knl_Semaphore_Object__PARAMS__C                      
2001a9d9  ti_sysbios_knl_Clock_tickMode__C                                
2001a9da  ti_sysbios_family_arm_m3_Hwi_Module__id__C                      
2001a9dc  PWMTimerCC32XX_fxnTable                                         
2001aa3c  ti_sysbios_family_arm_m3_Hwi_Object__DESC__C                    
2001aa5c  ti_sysbios_gates_GateHwi_Object__DESC__C                        
2001aa7c  ti_sysbios_gates_GateMutex_Object__DESC__C                      
2001aa9c  ti_sysbios_heaps_HeapMem_Object__DESC__C                        
2001aabc  ti_sysbios_knl_Clock_Object__DESC__C                            
2001aadc  ti_sysbios_knl_Queue_Object__DESC__C                            
2001aafc  ti_sysbios_knl_Semaphore_Object__DESC__C                        
2001ab1c  ti_sysbios_knl_Task_Object__DESC__C                             
2001ab3c  ti_uia_loggers_LoggerStopMode_Object__DESC__C                   
2001ab5c  xdc_runtime_Startup_sfxnRts__A                                  
2001ab76  ti_sysbios_family_arm_m3_Hwi_Module__loggerDefined__C           
2001ab78  ADCCC32XX_fxnTable                                              
2001ab90  ADC_config                                                      
2001aba8  I2CCC32XX_fxnTable                                              
2001abc0  PWM_config                                                      
2001abd8  PWM_defaultParams                                               
2001abf0  UART_config                                                     
2001ac08  ti_sysbios_gates_GateHwi_Object__PARAMS__C                      
2001ac20  ti_sysbios_gates_GateMutex_Object__PARAMS__C                    
2001ac38  ti_sysbios_knl_Queue_Object__PARAMS__C                          
2001ac50  ti_sysbios_knl_Swi_hooks__A                                     
2001ac68  GPIOCC32XX_config                                               
2001acb8  ti_sysbios_family_arm_m3_Hwi_hooks__A                           
2001accc  I2C_defaultParams                                               
2001acfc  i2cCC3220SHWAttrs                                               
2001ad1c  xdc_runtime_Startup_firstFxns__A                                
2001ad2c  ADC_count                                                       
2001ad2d  Capture_count                                                   
2001ad2e  CryptoCC32XX_count                                              
2001ad2f  Display_count                                                   
2001ad30  I2C_count                                                       
2001ad31  I2S_count                                                       
2001ad32  PWM_count                                                       
2001ad33  SDFatFS_count                                                   
2001ad34  SD_count                                                        
2001ad35  SDSPI_count                                                     
2001ad36  SPI_count                                                       
2001ad37  Timer_count                                                     
2001ad38  UART_count                                                      
2001ad39  Watchdog_count                                                  
2001ad3a  ti_sysbios_family_arm_m3_Timer_Module__id__C                    
2001ad3c  I2C_config                                                      
2001ad48  ti_sysbios_knl_Idle_funcList__A                                 
2001ad54  ADC_defaultParams                                               
2001ad5c  adcCC3220SHWAttrs                                               
2001ad6c  outPinTypes                                                     
2001ad74  pwmTimerCC3220SHWAttrs                                          
2001ad84  ti_sysbios_family_arm_m3_Hwi_excHookFuncs__A                    
2001ad8c  ti_sysbios_family_arm_m3_Hwi_hooks__C                           
2001ad94  ti_sysbios_knl_Idle_funcList__C                                 
2001ad9c  ti_sysbios_knl_Swi_hooks__C                                     
2001ada4  ti_sysbios_knl_Task_hooks__C                                    
2001adb4  xdc_runtime_Startup_firstFxns__C                                
2001adbc  xdc_runtime_Startup_lastFxns__C                                 
2001adca  inPinTypes                                                      
2001add0  outPinStrengths                                                 
2001adda  ti_sysbios_family_arm_m3_TimestampProvider_configTimer__C       
2001addc  ti_sysbios_family_arm_lm4_Timer_enableFunc__C                   
2001ade0  ti_sysbios_family_arm_lm4_Timer_numTimerDevices__C              
2001ade4  ti_sysbios_family_arm_lm4_Timer_startupNeeded__C                
2001ade8  ti_sysbios_family_arm_m3_Hwi_E_NMI__C                           
2001adec  ti_sysbios_family_arm_m3_Hwi_E_alreadyDefined__C                
2001adf0  ti_sysbios_family_arm_m3_Hwi_E_busFault__C                      
2001adf4  ti_sysbios_family_arm_m3_Hwi_E_debugMon__C                      
2001adf8  ti_sysbios_family_arm_m3_Hwi_E_hardFault__C                     
2001adfc  ti_sysbios_family_arm_m3_Hwi_E_memFault__C                      
2001ae00  ti_sysbios_family_arm_m3_Hwi_E_noIsr__C                         
2001ae04  ti_sysbios_family_arm_m3_Hwi_E_reserved__C                      
2001ae08  ti_sysbios_family_arm_m3_Hwi_E_svCall__C                        
2001ae0c  ti_sysbios_family_arm_m3_Hwi_E_usageFault__C                    
2001ae10  ti_sysbios_family_arm_m3_Hwi_LD_end__C                          
2001ae14  ti_sysbios_family_arm_m3_Hwi_LM_begin__C                        
2001ae18  ti_sysbios_family_arm_m3_Hwi_Module__diagsEnabled__C            
2001ae1c  ti_sysbios_family_arm_m3_Hwi_Module__diagsIncluded__C           
2001ae20  ti_sysbios_family_arm_m3_Hwi_Module__diagsMask__C               
2001ae24  ti_sysbios_family_arm_m3_Hwi_Module__loggerFxn1__C              
2001ae28  ti_sysbios_family_arm_m3_Hwi_Module__loggerFxn8__C              
2001ae2c  ti_sysbios_family_arm_m3_Hwi_Module__loggerObj__C               
2001ae30  ti_sysbios_family_arm_m3_Hwi_NUM_INTERRUPTS__C                  
2001ae34  ti_sysbios_family_arm_m3_Hwi_Object__count__C                   
2001ae38  ti_sysbios_family_arm_m3_Hwi_Object__heap__C                    
2001ae3c  ti_sysbios_family_arm_m3_Hwi_ccr__C                             
2001ae40  ti_sysbios_family_arm_m3_Hwi_excHandlerFunc__C                  
2001ae44  ti_sysbios_family_arm_m3_Hwi_excHookFuncs__C                    
2001ae48  ti_sysbios_family_arm_m3_Hwi_nullIsrFunc__C                     
2001ae4c  ti_sysbios_family_arm_m3_Hwi_priGroup__C                        
2001ae50  ti_sysbios_family_arm_m3_Hwi_swiDisable__C                      
2001ae54  ti_sysbios_family_arm_m3_Hwi_swiRestoreHwi__C                   
2001ae58  ti_sysbios_family_arm_m3_Timer_E_cannotSupport__C               
2001ae5c  ti_sysbios_family_arm_m3_Timer_startupNeeded__C                 
2001ae60  ti_sysbios_gates_GateMutex_Instance_State_sem__O                
2001ae64  ti_sysbios_heaps_HeapMem_E_memory__C                            
2001ae68  ti_sysbios_heaps_HeapMem_Module__gateObj__C                     
2001ae6c  ti_sysbios_heaps_HeapMem_Object__count__C                       
2001ae70  ti_sysbios_heaps_HeapMem_primaryHeapBaseAddr__C                 
2001ae74  ti_sysbios_heaps_HeapMem_primaryHeapEndAddr__C                  
2001ae78  ti_sysbios_heaps_HeapMem_reqAlign__C                            
2001ae7c  ti_sysbios_knl_Clock_LM_begin__C                                
2001ae80  ti_sysbios_knl_Clock_LM_tick__C                                 
2001ae84  ti_sysbios_knl_Clock_LW_delayed__C                              
2001ae88  ti_sysbios_knl_Clock_Module_State_clockQ__O                     
2001ae8c  ti_sysbios_knl_Clock_Module__diagsEnabled__C                    
2001ae90  ti_sysbios_knl_Clock_Module__diagsIncluded__C                   
2001ae94  ti_sysbios_knl_Clock_Module__diagsMask__C                       
2001ae98  ti_sysbios_knl_Clock_Module__loggerFxn1__C                      
2001ae9c  ti_sysbios_knl_Clock_Module__loggerFxn2__C                      
2001aea0  ti_sysbios_knl_Clock_Module__loggerObj__C                       
2001aea4  ti_sysbios_knl_Clock_tickPeriod__C                              
2001aea8  ti_sysbios_knl_Mailbox_Instance_State_freeQue__O                
2001aeac  ti_sysbios_knl_Mailbox_Object__count__C                         
2001aeb0  ti_sysbios_knl_Mailbox_maxTypeAlign__C                          
2001aeb4  ti_sysbios_knl_Semaphore_Instance_State_pendQ__O                
2001aeb8  ti_sysbios_knl_Semaphore_LM_pend__C                             
2001aebc  ti_sysbios_knl_Semaphore_LM_post__C                             
2001aec0  ti_sysbios_knl_Semaphore_Module__diagsEnabled__C                
2001aec4  ti_sysbios_knl_Semaphore_Module__diagsIncluded__C               
2001aec8  ti_sysbios_knl_Semaphore_Module__diagsMask__C                   
2001aecc  ti_sysbios_knl_Semaphore_Module__loggerFxn2__C                  
2001aed0  ti_sysbios_knl_Semaphore_Module__loggerFxn4__C                  
2001aed4  ti_sysbios_knl_Semaphore_Module__loggerObj__C                   
2001aed8  ti_sysbios_knl_Swi_LD_end__C                                    
2001aedc  ti_sysbios_knl_Swi_LM_begin__C                                  
2001aee0  ti_sysbios_knl_Swi_LM_post__C                                   
2001aee4  ti_sysbios_knl_Swi_Module__diagsEnabled__C                      
2001aee8  ti_sysbios_knl_Swi_Module__diagsIncluded__C                     
2001aeec  ti_sysbios_knl_Swi_Module__diagsMask__C                         
2001aef0  ti_sysbios_knl_Swi_Module__loggerFxn1__C                        
2001aef4  ti_sysbios_knl_Swi_Module__loggerFxn4__C                        
2001aef8  ti_sysbios_knl_Swi_Module__loggerObj__C                         
2001aefc  ti_sysbios_knl_Swi_Object__count__C                             
2001af00  ti_sysbios_knl_Swi_numConstructedSwis__C                        
2001af04  ti_sysbios_knl_Task_E_deleteNotAllowed__C                       
2001af08  ti_sysbios_knl_Task_LD_block__C                                 
2001af0c  ti_sysbios_knl_Task_LD_exit__C                                  
2001af10  ti_sysbios_knl_Task_LD_ready__C                                 
2001af14  ti_sysbios_knl_Task_LM_setPri__C                                
2001af18  ti_sysbios_knl_Task_LM_sleep__C                                 
2001af1c  ti_sysbios_knl_Task_LM_switch__C                                
2001af20  ti_sysbios_knl_Task_Module_State_inactiveQ__O                   
2001af24  ti_sysbios_knl_Task_Module_State_terminatedQ__O                 
2001af28  ti_sysbios_knl_Task_Module__diagsEnabled__C                     
2001af2c  ti_sysbios_knl_Task_Module__diagsIncluded__C                    
2001af30  ti_sysbios_knl_Task_Module__diagsMask__C                        
2001af34  ti_sysbios_knl_Task_Module__loggerFxn2__C                       
2001af38  ti_sysbios_knl_Task_Module__loggerFxn4__C                       
2001af3c  ti_sysbios_knl_Task_Module__loggerObj__C                        
2001af40  ti_sysbios_knl_Task_Object__count__C                            
2001af44  ti_sysbios_knl_Task_Object__heap__C                             
2001af48  ti_sysbios_knl_Task_allBlockedFunc__C                           
2001af4c  ti_sysbios_knl_Task_numConstructedTasks__C                      
2001af50  ti_sysbios_utils_Load_LS_cpuLoad__C                             
2001af54  ti_sysbios_utils_Load_LS_hwiLoad__C                             
2001af58  ti_sysbios_utils_Load_LS_swiLoad__C                             
2001af5c  ti_sysbios_utils_Load_LS_taskLoad__C                            
2001af60  ti_sysbios_utils_Load_Module_State_taskList__O                  
2001af64  ti_sysbios_utils_Load_Module__diagsEnabled__C                   
2001af68  ti_sysbios_utils_Load_Module__diagsIncluded__C                  
2001af6c  ti_sysbios_utils_Load_Module__diagsMask__C                      
2001af70  ti_sysbios_utils_Load_Module__loggerFxn1__C                     
2001af74  ti_sysbios_utils_Load_Module__loggerFxn2__C                     
2001af78  ti_sysbios_utils_Load_Module__loggerFxn4__C                     
2001af7c  ti_sysbios_utils_Load_Module__loggerObj__C                      
2001af80  ti_sysbios_utils_Load_postUpdate__C                             
2001af84  ti_sysbios_utils_Load_windowInMs__C                             
2001af88  ti_uia_loggers_LoggerStopMode_Module__diagsEnabled__C           
2001af8c  ti_uia_loggers_LoggerStopMode_Module__diagsIncluded__C          
2001af90  ti_uia_loggers_LoggerStopMode_Module__diagsMask__C              
2001af94  ti_uia_loggers_LoggerStopMode_Object__count__C                  
2001af98  ti_uia_runtime_ILoggerSnapshot_Interface__BASE__C               
2001af9c  ti_uia_runtime_IUIATransfer_Interface__BASE__C                  
2001afa0  xdc_runtime_Assert_E_assertFailed__C                            
2001afa4  xdc_runtime_Error_E_memory__C                                   
2001afa8  xdc_runtime_Error_policyFxn__C                                  
2001afac  xdc_runtime_IFilterLogger_Interface__BASE__C                    
2001afb0  xdc_runtime_IGateProvider_Interface__BASE__C                    
2001afb4  xdc_runtime_IHeap_Interface__BASE__C                            
2001afb8  xdc_runtime_ILogger_Interface__BASE__C                          
2001afbc  xdc_runtime_IModule_Interface__BASE__C                          
2001afc0  xdc_runtime_Memory_defaultHeapInstance__C                       
2001afc4  xdc_runtime_Startup_execImpl__C                                 
2001afc8  xdc_runtime_Startup_maxPasses__C                                
2001afcc  xdc_runtime_Startup_sfxnRts__C                                  
2001afd0  xdc_runtime_Startup_sfxnTab__C                                  
2001afd4  xdc_runtime_SysMin_bufSize__C                                   
2001afd8  xdc_runtime_System_Module__gateObj__C                           
2001afdc  xdc_runtime_System_abortFxn__C                                  
2001afe0  xdc_runtime_System_exitFxn__C                                   
2001afe4  xdc_runtime_System_extendFxn__C                                 
2001afe8  xdc_runtime_System_maxAtexitHandlers__C                         
2001afec  xdc_runtime_Text_charTab__C                                     
2001aff0  xdc_runtime_Text_nameEmpty__C                                   
2001aff4  xdc_runtime_Text_nameStatic__C                                  
2001aff8  xdc_runtime_Text_nameUnknown__C                                 
2001affc  ti_sysbios_heaps_HeapMem_Module__id__C                          
2001affe  ti_sysbios_knl_Clock_Module__id__C                              
2001b000  ti_sysbios_knl_Clock_Module__loggerDefined__C                   
2001b002  ti_sysbios_knl_Semaphore_Module__id__C                          
2001b004  ti_sysbios_knl_Semaphore_Module__loggerDefined__C               
2001b006  ti_sysbios_knl_Swi_Module__id__C                                
2001b008  ti_sysbios_knl_Swi_Module__loggerDefined__C                     
2001b00a  ti_sysbios_knl_Task_Module__id__C                               
2001b00c  ti_sysbios_knl_Task_Module__loggerDefined__C                    
2001b00e  ti_sysbios_utils_Load_Module__id__C                             
2001b010  ti_sysbios_utils_Load_Module__loggerDefined__C                  
2001b012  ti_sysbios_utils_Load_autoAddTasks__C                           
2001b014  ti_sysbios_utils_Load_updateInIdle__C                           
2001b016  ti_uia_loggers_LoggerStopMode_Module__id__C                     
2001b018  ti_uia_loggers_LoggerStopMode_isTimestampEnabled__C             
2001b01a  xdc_runtime_Memory_Module__id__C                                
2001b01c  xdc_runtime_Text_charCnt__C                                     
2001b01e  xdc_runtime_Text_isLoaded__C                                    
2001b020  ti_sysbios_knl_Clock_tickSource__C                              
2001b021  xdc_runtime_Error_policy__C                                     
2001b022  xdc_runtime_Text_charTab__A                                     
2001b028  __TI_static_base__                                              
2001b428  __TI_Handler_Table_Base                                         
2001b434  __TI_Handler_Table_Limit                                        
2001b440  __TI_CINIT_Base                                                 
2001b450  __TI_CINIT_Limit                                                
e000e000  ti_sysbios_family_arm_m3_Hwi_nvic                               
ffffffff  __TI_pprof_out_hndl                                             
ffffffff  __TI_prof_data_size                                             
ffffffff  __TI_prof_data_start                                            
ffffffff  __binit__                                                       
ffffffff  __c_args__                                                      
ffffffff  binit                                                           
UNDEFED   SHT$$INIT_ARRAY$$Base                                           
UNDEFED   SHT$$INIT_ARRAY$$Limit                                          

[935 symbols]
